Component: ARM Compiler 5.05 update 1 (build 106) Tool: armlink [4d0efa]

==============================================================================

Section Cross References

    startup_stm32f10x_md.o(RESET) refers to startup_stm32f10x_md.o(STACK) for __initial_sp
    startup_stm32f10x_md.o(RESET) refers to startup_stm32f10x_md.o(.text) for Reset_Handler
    startup_stm32f10x_md.o(RESET) refers to stm32f10x_it.o(i.NMI_Handler) for NMI_Handler
    startup_stm32f10x_md.o(RESET) refers to stm32f10x_it.o(i.HardFault_Handler) for HardFault_Handler
    startup_stm32f10x_md.o(RESET) refers to stm32f10x_it.o(i.MemManage_Handler) for MemManage_Handler
    startup_stm32f10x_md.o(RESET) refers to stm32f10x_it.o(i.BusFault_Handler) for BusFault_Handler
    startup_stm32f10x_md.o(RESET) refers to stm32f10x_it.o(i.UsageFault_Handler) for UsageFault_Handler
    startup_stm32f10x_md.o(RESET) refers to stm32f10x_it.o(i.SVC_Handler) for SVC_Handler
    startup_stm32f10x_md.o(RESET) refers to stm32f10x_it.o(i.DebugMon_Handler) for DebugMon_Handler
    startup_stm32f10x_md.o(RESET) refers to stm32f10x_it.o(i.PendSV_Handler) for PendSV_Handler
    startup_stm32f10x_md.o(RESET) refers to stm32f10x_it.o(i.SysTick_Handler) for SysTick_Handler
    startup_stm32f10x_md.o(RESET) refers to ota_uart.o(i.USART1_IRQHandler) for USART1_IRQHandler
    startup_stm32f10x_md.o(RESET) refers to countsensor.o(i.EXTI15_10_IRQHandler) for EXTI15_10_IRQHandler
    startup_stm32f10x_md.o(.text) refers to system_stm32f10x.o(i.SystemInit) for SystemInit
    startup_stm32f10x_md.o(.text) refers to entry.o(.ARM.Collect$$$$00000000) for __main
    system_stm32f10x.o(i.SetSysClock) refers to system_stm32f10x.o(i.SetSysClockTo72) for SetSysClockTo72
    system_stm32f10x.o(i.SystemCoreClockUpdate) refers to system_stm32f10x.o(.data) for SystemCoreClock
    system_stm32f10x.o(i.SystemInit) refers to system_stm32f10x.o(i.SetSysClock) for SetSysClock
    stm32f10x_adc.o(i.ADC_DeInit) refers to stm32f10x_rcc.o(i.RCC_APB2PeriphResetCmd) for RCC_APB2PeriphResetCmd
    stm32f10x_bkp.o(i.BKP_DeInit) refers to stm32f10x_rcc.o(i.RCC_BackupResetCmd) for RCC_BackupResetCmd
    stm32f10x_can.o(i.CAN_DeInit) refers to stm32f10x_rcc.o(i.RCC_APB1PeriphResetCmd) for RCC_APB1PeriphResetCmd
    stm32f10x_can.o(i.CAN_GetITStatus) refers to stm32f10x_can.o(i.CheckITStatus) for CheckITStatus
    stm32f10x_cec.o(i.CEC_DeInit) refers to stm32f10x_rcc.o(i.RCC_APB1PeriphResetCmd) for RCC_APB1PeriphResetCmd
    stm32f10x_dac.o(i.DAC_DeInit) refers to stm32f10x_rcc.o(i.RCC_APB1PeriphResetCmd) for RCC_APB1PeriphResetCmd
    stm32f10x_flash.o(i.FLASH_EnableWriteProtection) refers to stm32f10x_flash.o(i.FLASH_WaitForLastOperation) for FLASH_WaitForLastOperation
    stm32f10x_flash.o(i.FLASH_EraseAllBank1Pages) refers to stm32f10x_flash.o(i.FLASH_WaitForLastBank1Operation) for FLASH_WaitForLastBank1Operation
    stm32f10x_flash.o(i.FLASH_EraseAllPages) refers to stm32f10x_flash.o(i.FLASH_WaitForLastOperation) for FLASH_WaitForLastOperation
    stm32f10x_flash.o(i.FLASH_EraseOptionBytes) refers to stm32f10x_flash.o(i.FLASH_GetReadOutProtectionStatus) for FLASH_GetReadOutProtectionStatus
    stm32f10x_flash.o(i.FLASH_EraseOptionBytes) refers to stm32f10x_flash.o(i.FLASH_WaitForLastOperation) for FLASH_WaitForLastOperation
    stm32f10x_flash.o(i.FLASH_ErasePage) refers to stm32f10x_flash.o(i.FLASH_WaitForLastOperation) for FLASH_WaitForLastOperation
    stm32f10x_flash.o(i.FLASH_ProgramHalfWord) refers to stm32f10x_flash.o(i.FLASH_WaitForLastOperation) for FLASH_WaitForLastOperation
    stm32f10x_flash.o(i.FLASH_ProgramOptionByteData) refers to stm32f10x_flash.o(i.FLASH_WaitForLastOperation) for FLASH_WaitForLastOperation
    stm32f10x_flash.o(i.FLASH_ProgramWord) refers to stm32f10x_flash.o(i.FLASH_WaitForLastOperation) for FLASH_WaitForLastOperation
    stm32f10x_flash.o(i.FLASH_ReadOutProtection) refers to stm32f10x_flash.o(i.FLASH_WaitForLastOperation) for FLASH_WaitForLastOperation
    stm32f10x_flash.o(i.FLASH_UserOptionByteConfig) refers to stm32f10x_flash.o(i.FLASH_WaitForLastOperation) for FLASH_WaitForLastOperation
    stm32f10x_flash.o(i.FLASH_WaitForLastBank1Operation) refers to stm32f10x_flash.o(i.FLASH_GetBank1Status) for FLASH_GetBank1Status
    stm32f10x_flash.o(i.FLASH_WaitForLastOperation) refers to stm32f10x_flash.o(i.FLASH_GetBank1Status) for FLASH_GetBank1Status
    stm32f10x_gpio.o(i.GPIO_AFIODeInit) refers to stm32f10x_rcc.o(i.RCC_APB2PeriphResetCmd) for RCC_APB2PeriphResetCmd
    stm32f10x_gpio.o(i.GPIO_DeInit) refers to stm32f10x_rcc.o(i.RCC_APB2PeriphResetCmd) for RCC_APB2PeriphResetCmd
    stm32f10x_i2c.o(i.I2C_DeInit) refers to stm32f10x_rcc.o(i.RCC_APB1PeriphResetCmd) for RCC_APB1PeriphResetCmd
    stm32f10x_i2c.o(i.I2C_Init) refers to stm32f10x_rcc.o(i.RCC_GetClocksFreq) for RCC_GetClocksFreq
    stm32f10x_pwr.o(i.PWR_DeInit) refers to stm32f10x_rcc.o(i.RCC_APB1PeriphResetCmd) for RCC_APB1PeriphResetCmd
[...]
    printfa.o(i.__0vsprintf) refers to printfa.o(i._sputc) for _sputc
    printfa.o(i._fp_digits) refers (Special) to iusefp.o(.text) for __I$use$fp
    printfa.o(i._fp_digits) refers to dmul.o(.text) for __aeabi_dmul
    printfa.o(i._fp_digits) refers to ddiv.o(.text) for __aeabi_ddiv
    printfa.o(i._fp_digits) refers to cdrcmple.o(.text) for __aeabi_cdrcmple
    printfa.o(i._fp_digits) refers to dadd.o(.text) for __aeabi_dadd
    printfa.o(i._fp_digits) refers to dfixul.o(.text) for __aeabi_d2ulz
    printfa.o(i._fp_digits) refers to uldiv.o(.text) for __aeabi_uldivmod
    printfa.o(i._printf_core) refers (Special) to iusefp.o(.text) for __I$use$fp
    printfa.o(i._printf_core) refers to printfa.o(i._printf_pre_padding) for _printf_pre_padding
    printfa.o(i._printf_core) refers to uldiv.o(.text) for __aeabi_uldivmod
    printfa.o(i._printf_core) refers to printfa.o(i._printf_post_padding) for _printf_post_padding
    printfa.o(i._printf_core) refers to printfa.o(i._fp_digits) for _fp_digits
    printfa.o(i._printf_core) refers to uidiv.o(.text) for __aeabi_uidivmod
    printfa.o(i._printf_post_padding) refers (Special) to iusefp.o(.text) for __I$use$fp
    printfa.o(i._printf_pre_padding) refers (Special) to iusefp.o(.text) for __I$use$fp
    printfa.o(i._snputc) refers (Special) to iusefp.o(.text) for __I$use$fp
    printfa.o(i._sputc) refers (Special) to iusefp.o(.text) for __I$use$fp
    malloc.o(i.free) refers to mvars.o(.data) for __microlib_freelist
    malloc.o(i.malloc) refers to mvars.o(.data) for __microlib_freelist_initialised
    malloc.o(i.malloc) refers to mvars.o(.data) for __microlib_freelist
    malloc.o(i.malloc) refers to startup_stm32f10x_md.o(HEAP) for __heap_base
    mallocr.o(i.__free$realloc) refers to mvars.o(.data) for __microlib_freelist
    mallocr.o(i.__malloc$realloc) refers to mallocr.o(i.internal_alloc) for internal_alloc
    mallocr.o(i.__malloc$realloc) refers to mvars.o(.data) for __microlib_freelist_initialised
    mallocr.o(i.__malloc$realloc) refers to startup_stm32f10x_md.o(HEAP) for __heap_base
    mallocr.o(i.__malloc$realloc) refers to mvars.o(.data) for __microlib_freelist
    mallocr.o(i.internal_alloc) refers to memcpya.o(.text) for __aeabi_memcpy
    mallocr.o(i.internal_alloc) refers to mvars.o(.data) for __microlib_freelist
    mallocr.o(i.realloc) refers to mallocr.o(i.__free$realloc) for __free$realloc
    mallocr.o(i.realloc) refers to mallocr.o(i.internal_alloc) for internal_alloc
    mallocr.o(i.realloc) refers to mallocr.o(i.__malloc$realloc) for __malloc$realloc
    mallocr.o(i.realloc) refers to mvars.o(.data) for __microlib_freelist
    malloca.o(i.__aligned_malloc) refers to mvars.o(.data) for __microlib_freelist_initialised
    malloca.o(i.__aligned_malloc) refers to mvars.o(.data) for __microlib_freelist
    malloca.o(i.__aligned_malloc) refers to startup_stm32f10x_md.o(HEAP) for __heap_base
    malloca.o(i.__free$memalign) refers to mvars.o(.data) for __microlib_freelist
    malloca.o(i.__malloc$memalign) refers to malloca.o(i.__aligned_malloc) for __aligned_malloc
    mallocra.o(i.__aligned_malloc$realloc) refers to mallocra.o(i.internal_alloc) for internal_alloc
    mallocra.o(i.__aligned_malloc$realloc) refers to mvars.o(.data) for __microlib_freelist_initialised
    mallocra.o(i.__aligned_malloc$realloc) refers to startup_stm32f10x_md.o(HEAP) for __heap_base
    mallocra.o(i.__aligned_malloc$realloc) refers to mvars.o(.data) for __microlib_freelist
    mallocra.o(i.__free$realloc$memalign) refers to mvars.o(.data) for __microlib_freelist
    mallocra.o(i.__malloc$realloc$memalign) refers to mallocra.o(i.__aligned_malloc$realloc) for __aligned_malloc$realloc
    mallocra.o(i.__realloc$memalign) refers to mallocra.o(i.__free$realloc$memalign) for __free$realloc$memalign
    mallocra.o(i.__realloc$memalign) refers to mallocra.o(i.internal_alloc) for internal_alloc
    mallocra.o(i.__realloc$memalign) refers to mallocra.o(i.__malloc$realloc$memalign) for __malloc$realloc$memalign
    mallocra.o(i.__realloc$memalign) refers to mvars.o(.data) for __microlib_freelist
    mallocra.o(i.internal_alloc) refers to memcpya.o(.text) for __aeabi_memcpy
    mallocra.o(i.internal_alloc) refers to mvars.o(.data) for __microlib_freelist
    fmul.o(.text) refers (Special) to iusefp.o(.text) for __I$use$fp
    ffixui.o(.text) refers (Special) to iusefp.o(.text) for __I$use$fp
    entry2.o(.ARM.Collect$$$$00000001) refers to entry2.o(.ARM.Collect$$$$00002712) for __lit__00000000
    entry2.o(.ARM.Collect$$$$00002712) refers to startup_stm32f10x_md.o(STACK) for __initial_sp
    entry2.o(__vectab_stack_and_reset_area) refers to startup_stm32f10x_md.o(STACK) for __initial_sp
    entry2.o(__vectab_stack_and_reset_area) refers to entry.o(.ARM.Collect$$$$00000000) for __main
    entry5.o(.ARM.Collect$$$$00000004) refers to init.o(.text) for __scatterload
    entry9a.o(.ARM.Collect$$$$0000000B) refers to main.o(i.main) for main
    entry9b.o(.ARM.Collect$$$$0000000C) refers to main.o(i.main) for main
    uldiv.o(.text) refers to llushr.o(.text) for __aeabi_llsr
    uldiv.o(.text) refers to llshl.o(.text) for __aeabi_llsl
    dadd.o(.text) refers to llshl.o(.text) for __aeabi_llsl
    dadd.o(.text) refers to llsshr.o(.text) for __aeabi_lasr
    dadd.o(.text) refers to depilogue.o(.text) for _double_epilogue
    dmul.o(.text) refers to depilogue.o(.text) for _double_epilogue
    ddiv.o(.text) refers to depilogue.o(.text) for _double_round
    dfixul.o(.text) refers to llushr.o(.text) for __aeabi_llsr
    dfixul.o(.text) refers to llshl.o(.text) for __aeabi_llsl
    init.o(.text) refers to entry5.o(.ARM.Collect$$$$00000004) for __main_after_scatterload
    depilogue.o(.text) refers to llshl.o(.text) for __aeabi_llsl
    depilogue.o(.text) refers to llushr.o(.text) for __aeabi_llsr


==============================================================================

Removing Unused input sections from the image.

    Removing startup_stm32f10x_md.o(HEAP), (512 bytes).
    Removing system_stm32f10x.o(i.SystemCoreClockUpdate), (164 bytes).
    Removing system_stm32f10x.o(.data), (20 bytes).
    Removing misc.o(i.NVIC_SetVectorTable), (20 bytes).
    Removing misc.o(i.NVIC_SystemLPConfig), (32 bytes).
    Removing misc.o(i.SysTick_CLKSourceConfig), (40 bytes).
    Removing stm32f10x_adc.o(i.ADC_AnalogWatchdogCmd), (20 bytes).
    Removing stm32f10x_adc.o(i.ADC_AnalogWatchdogSingleChannelConfig), (16 bytes).
    Removing stm32f10x_adc.o(i.ADC_AnalogWatchdogThresholdsConfig), (6 bytes).
    Removing stm32f10x_adc.o(i.ADC_AutoInjectedConvCmd), (22 bytes).
    Removing stm32f10x_adc.o(i.ADC_ClearFlag), (6 bytes).
    Removing stm32f10x_adc.o(i.ADC_ClearITPendingBit), (10 bytes).
    Removing stm32f10x_adc.o(i.ADC_Cmd), (22 bytes).
    Removing stm32f10x_adc.o(i.ADC_DMACmd), (22 bytes).
    Removing stm32f10x_adc.o(i.ADC_DeInit), (92 bytes).
    Removing stm32f10x_adc.o(i.ADC_DiscModeChannelCountConfig), (24 bytes).
    Removing stm32f10x_adc.o(i.ADC_DiscModeCmd), (22 bytes).
    Removing stm32f10x_adc.o(i.ADC_ExternalTrigConvCmd), (22 bytes).
    Removing stm32f10x_adc.o(i.ADC_ExternalTrigInjectedConvCmd), (22 bytes).
    Removing stm32f10x_adc.o(i.ADC_ExternalTrigInjectedConvConfig), (16 bytes).
    Removing stm32f10x_adc.o(i.ADC_GetCalibrationStatus), (20 bytes).
    Removing stm32f10x_adc.o(i.ADC_GetConversionValue), (8 bytes).
    Removing stm32f10x_adc.o(i.ADC_GetDualModeConversionValue), (12 bytes).
    Removing stm32f10x_adc.o(i.ADC_GetFlagStatus), (18 bytes).
    Removing stm32f10x_adc.o(i.ADC_GetITStatus), (36 bytes).
    Removing stm32f10x_adc.o(i.ADC_GetInjectedConversionValue), (28 bytes).
    Removing stm32f10x_adc.o(i.ADC_GetResetCalibrationStatus), (20 bytes).
    Removing stm32f10x_adc.o(i.ADC_GetSoftwareStartConvStatus), (20 bytes).
    Removing stm32f10x_adc.o(i.ADC_GetSoftwareStartInjectedConvCmdStatus), (20 bytes).
    Removing stm32f10x_adc.o(i.ADC_ITConfig), (24 bytes).
    Removing stm32f10x_adc.o(i.ADC_Init), (80 bytes).
    Removing stm32f10x_adc.o(i.ADC_InjectedChannelConfig), (130 bytes).
    Removing stm32f10x_adc.o(i.ADC_InjectedDiscModeCmd), (22 bytes).
    Removing stm32f10x_adc.o(i.ADC_InjectedSequencerLengthConfig), (24 bytes).
    Removing stm32f10x_adc.o(i.ADC_RegularChannelConfig), (184 bytes).
    Removing stm32f10x_adc.o(i.ADC_ResetCalibration), (10 bytes).
    Removing stm32f10x_adc.o(i.ADC_SetInjectedOffset), (20 bytes).
    Removing stm32f10x_adc.o(i.ADC_SoftwareStartConvCmd), (22 bytes).
    Removing stm32f10x_adc.o(i.ADC_SoftwareStartInjectedConvCmd), (22 bytes).
    Removing stm32f10x_adc.o(i.ADC_StartCalibration), (10 bytes).
    Removing stm32f10x_adc.o(i.ADC_StructInit), (18 bytes).
    Removing stm32f10x_adc.o(i.ADC_TempSensorVrefintCmd), (36 bytes).
    Removing stm32f10x_bkp.o(i.BKP_ClearFlag), (20 bytes).
    Removing stm32f10x_bkp.o(i.BKP_ClearITPendingBit), (20 bytes).
    Removing stm32f10x_bkp.o(i.BKP_DeInit), (16 bytes).
    Removing stm32f10x_bkp.o(i.BKP_GetFlagStatus), (12 bytes).
    Removing stm32f10x_bkp.o(i.BKP_GetITStatus), (12 bytes).
    Removing stm32f10x_bkp.o(i.BKP_ITConfig), (12 bytes).
    Removing stm32f10x_bkp.o(i.BKP_RTCOutputConfig), (28 bytes).
    Removing stm32f10x_bkp.o(i.BKP_ReadBackupRegister), (28 bytes).
    Removing stm32f10x_bkp.o(i.BKP_SetRTCCalibrationValue), (28 bytes).
    Removing stm32f10x_bkp.o(i.BKP_TamperPinCmd), (12 bytes).
    Removing stm32f10x_bkp.o(i.BKP_TamperPinLevelConfig), (12 bytes).
    Removing stm32f10x_bkp.o(i.BKP_WriteBackupRegister), (28 bytes).
    Removing stm32f10x_can.o(i.CAN_CancelTransmit), (48 bytes).
    Removing stm32f10x_can.o(i.CAN_ClearFlag), (56 bytes).
    Removing stm32f10x_can.o(i.CAN_ClearITPendingBit), (168 bytes).
    Removing stm32f10x_can.o(i.CAN_DBGFreeze), (22 bytes).
    Removing stm32f10x_can.o(i.CAN_DeInit), (56 bytes).
    Removing stm32f10x_can.o(i.CAN_FIFORelease), (22 bytes).
    Removing stm32f10x_can.o(i.CAN_FilterInit), (264 bytes).
    Removing stm32f10x_can.o(i.CAN_GetFlagStatus), (120 bytes).
    Removing stm32f10x_can.o(i.CAN_GetITStatus), (288 bytes).
    Removing stm32f10x_can.o(i.CAN_GetLSBTransmitErrorCounter), (12 bytes).
    Removing stm32f10x_can.o(i.CAN_GetLastErrorCode), (12 bytes).
    Removing stm32f10x_can.o(i.CAN_GetReceiveErrorCounter), (10 bytes).
    Removing stm32f10x_can.o(i.CAN_ITConfig), (18 bytes).
    Removing stm32f10x_can.o(i.CAN_Init), (276 bytes).
    Removing stm32f10x_can.o(i.CAN_MessagePending), (30 bytes).
    Removing stm32f10x_can.o(i.CAN_OperatingModeRequest), (162 bytes).
    Removing stm32f10x_can.o(i.CAN_Receive), (240 bytes).
    Removing stm32f10x_can.o(i.CAN_SlaveStartBank), (52 bytes).
    Removing stm32f10x_can.o(i.CAN_Sleep), (30 bytes).
    Removing stm32f10x_can.o(i.CAN_StructInit), (32 bytes).
    Removing stm32f10x_can.o(i.CAN_TTComModeCmd), (118 bytes).
    Removing stm32f10x_can.o(i.CAN_Transmit), (294 bytes).
    Removing stm32f10x_can.o(i.CAN_TransmitStatus), (160 bytes).
    Removing stm32f10x_can.o(i.CAN_WakeUp), (48 bytes).
    Removing stm32f10x_can.o(i.CheckITStatus), (18 bytes).
    Removing stm32f10x_cec.o(i.CEC_ClearFlag), (36 bytes).
    Removing stm32f10x_cec.o(i.CEC_ClearITPendingBit), (36 bytes).
    Removing stm32f10x_cec.o(i.CEC_Cmd), (32 bytes).
    Removing stm32f10x_cec.o(i.CEC_DeInit), (22 bytes).
    Removing stm32f10x_cec.o(i.CEC_EndOfMessageCmd), (12 bytes).
    Removing stm32f10x_cec.o(i.CEC_GetFlagStatus), (48 bytes).
    Removing stm32f10x_cec.o(i.CEC_GetITStatus), (40 bytes).
    Removing stm32f10x_cec.o(i.CEC_ITConfig), (12 bytes).
    Removing stm32f10x_cec.o(i.CEC_Init), (32 bytes).
    Removing stm32f10x_cec.o(i.CEC_OwnAddressConfig), (12 bytes).
    Removing stm32f10x_cec.o(i.CEC_ReceiveDataByte), (12 bytes).
    Removing stm32f10x_cec.o(i.CEC_SendDataByte), (12 bytes).
    Removing stm32f10x_cec.o(i.CEC_SetPrescaler), (12 bytes).
    Removing stm32f10x_cec.o(i.CEC_StartOfMessage), (12 bytes).
    Removing stm32f10x_crc.o(i.CRC_CalcBlockCRC), (36 bytes).
    Removing stm32f10x_crc.o(i.CRC_CalcCRC), (16 bytes).
    Removing stm32f10x_crc.o(i.CRC_GetCRC), (12 bytes).
    Removing stm32f10x_crc.o(i.CRC_GetIDRegister), (12 bytes).
    Removing stm32f10x_crc.o(i.CRC_ResetDR), (12 bytes).
    Removing stm32f10x_crc.o(i.CRC_SetIDRegister), (12 bytes).
    Removing stm32f10x_dac.o(i.DAC_Cmd), (40 bytes).
    Removing stm32f10x_dac.o(i.DAC_DMACmd), (44 bytes).
    Removing stm32f10x_dac.o(i.DAC_DeInit), (22 bytes).
    Removing stm32f10x_dac.o(i.DAC_DualSoftwareTriggerCmd), (36 bytes).
    Removing stm32f10x_dac.o(i.DAC_GetDataOutputValue), (36 bytes).
    Removing stm32f10x_dac.o(i.DAC_Init), (52 bytes).
    Removing stm32f10x_dac.o(i.DAC_SetChannel1Data), (32 bytes).
    Removing stm32f10x_dac.o(i.DAC_SetChannel2Data), (32 bytes).
    Removing stm32f10x_dac.o(i.DAC_SetDualChannelData), (36 bytes).
    Removing stm32f10x_dac.o(i.DAC_SoftwareTriggerCmd), (44 bytes).
    Removing stm32f10x_dac.o(i.DAC_StructInit), (12 bytes).
    Removing stm32f10x_dac.o(i.DAC_WaveGenerationCmd), (40 bytes).
    Removing stm32f10x_dbgmcu.o(i.DBGMCU_Config), (32 bytes).
    Removing stm32f10x_dbgmcu.o(i.DBGMCU_GetDEVID), (16 bytes).
    Removing stm32f10x_dbgmcu.o(i.DBGMCU_GetREVID), (12 bytes).
    Removing stm32f10x_dma.o(i.DMA_ClearFlag), (28 bytes).
    Removing stm32f10x_dma.o(i.DMA_ClearITPendingBit), (28 bytes).
    Removing stm32f10x_dma.o(i.DMA_Cmd), (24 bytes).
    Removing stm32f10x_dma.o(i.DMA_DeInit), (332 bytes).
    Removing stm32f10x_dma.o(i.DMA_GetCurrDataCounter), (8 bytes).
    Removing stm32f10x_dma.o(i.DMA_GetFlagStatus), (44 bytes).
    Removing stm32f10x_dma.o(i.DMA_GetITStatus), (44 bytes).
    Removing stm32f10x_dma.o(i.DMA_ITConfig), (18 bytes).
    Removing stm32f10x_dma.o(i.DMA_Init), (60 bytes).
    Removing stm32f10x_dma.o(i.DMA_SetCurrDataCounter), (4 bytes).
    Removing stm32f10x_dma.o(i.DMA_StructInit), (26 bytes).
    Removing stm32f10x_exti.o(i.EXTI_ClearFlag), (12 bytes).
    Removing stm32f10x_exti.o(i.EXTI_DeInit), (36 bytes).
    Removing stm32f10x_exti.o(i.EXTI_GenerateSWInterrupt), (16 bytes).
    Removing stm32f10x_exti.o(i.EXTI_GetFlagStatus), (24 bytes).
    Removing stm32f10x_exti.o(i.EXTI_Init), (148 bytes).
    Removing stm32f10x_exti.o(i.EXTI_StructInit), (16 bytes).
    Removing stm32f10x_flash.o(i.FLASH_ClearFlag), (12 bytes).
    Removing stm32f10x_flash.o(i.FLASH_EnableWriteProtection), (196 bytes).
    Removing stm32f10x_flash.o(i.FLASH_EraseAllBank1Pages), (72 bytes).
    Removing stm32f10x_flash.o(i.FLASH_EraseAllPages), (72 bytes).
    Removing stm32f10x_flash.o(i.FLASH_EraseOptionBytes), (168 bytes).
    Removing stm32f10x_flash.o(i.FLASH_GetFlagStatus), (48 bytes).
    Removing stm32f10x_flash.o(i.FLASH_GetPrefetchBufferStatus), (24 bytes).
    Removing stm32f10x_flash.o(i.FLASH_GetReadOutProtectionStatus), (24 bytes).
    Removing stm32f10x_flash.o(i.FLASH_GetStatus), (52 bytes).
    Removing stm32f10x_flash.o(i.FLASH_GetUserOptionByte), (12 bytes).
    Removing stm32f10x_flash.o(i.FLASH_GetWriteProtectionOptionByte), (12 bytes).
    Removing stm32f10x_flash.o(i.FLASH_HalfCycleAccessCmd), (28 bytes).
    Removing stm32f10x_flash.o(i.FLASH_ITConfig), (32 bytes).
    Removing stm32f10x_flash.o(i.FLASH_LockBank1), (20 bytes).
    Removing stm32f10x_flash.o(i.FLASH_PrefetchBufferCmd), (28 bytes).
    Removing stm32f10x_flash.o(i.FLASH_ProgramOptionByteData), (84 bytes).
    Removing stm32f10x_flash.o(i.FLASH_ProgramWord), (108 bytes).
    Removing stm32f10x_flash.o(i.FLASH_ReadOutProtection), (172 bytes).
    Removing stm32f10x_flash.o(i.FLASH_SetLatency), (24 bytes).
    Removing stm32f10x_flash.o(i.FLASH_UnlockBank1), (24 bytes).
    Removing stm32f10x_flash.o(i.FLASH_UserOptionByteConfig), (104 bytes).
    Removing stm32f10x_flash.o(i.FLASH_WaitForLastBank1Operation), (38 bytes).
    Removing stm32f10x_fsmc.o(i.FSMC_ClearFlag), (64 bytes).
    Removing stm32f10x_fsmc.o(i.FSMC_ClearITPendingBit), (72 bytes).
    Removing stm32f10x_fsmc.o(i.FSMC_GetECC), (28 bytes).
    Removing stm32f10x_fsmc.o(i.FSMC_GetFlagStatus), (56 bytes).
    Removing stm32f10x_fsmc.o(i.FSMC_GetITStatus), (68 bytes).
    Removing stm32f10x_fsmc.o(i.FSMC_ITConfig), (128 bytes).
    Removing stm32f10x_fsmc.o(i.FSMC_NANDCmd), (92 bytes).
    Removing stm32f10x_fsmc.o(i.FSMC_NANDDeInit), (68 bytes).
    Removing stm32f10x_fsmc.o(i.FSMC_NANDECCCmd), (92 bytes).
    Removing stm32f10x_fsmc.o(i.FSMC_NANDInit), (136 bytes).
    Removing stm32f10x_fsmc.o(i.FSMC_NANDStructInit), (54 bytes).
    Removing stm32f10x_fsmc.o(i.FSMC_NORSRAMCmd), (52 bytes).
    Removing stm32f10x_fsmc.o(i.FSMC_NORSRAMDeInit), (54 bytes).
    Removing stm32f10x_fsmc.o(i.FSMC_NORSRAMInit), (230 bytes).
    Removing stm32f10x_fsmc.o(i.FSMC_NORSRAMStructInit), (114 bytes).
    Removing stm32f10x_fsmc.o(i.FSMC_PCCARDCmd), (48 bytes).
    Removing stm32f10x_fsmc.o(i.FSMC_PCCARDDeInit), (40 bytes).
    Removing stm32f10x_fsmc.o(i.FSMC_PCCARDInit), (132 bytes).
    Removing stm32f10x_fsmc.o(i.FSMC_PCCARDStructInit), (60 bytes).
    Removing stm32f10x_gpio.o(i.GPIO_AFIODeInit), (20 bytes).
    Removing stm32f10x_gpio.o(i.GPIO_DeInit), (200 bytes).
    Removing stm32f10x_gpio.o(i.GPIO_ETH_MediaInterfaceConfig), (12 bytes).
    Removing stm32f10x_gpio.o(i.GPIO_EXTILineConfig), (64 bytes).
    Removing stm32f10x_gpio.o(i.GPIO_EventOutputCmd), (12 bytes).
    Removing stm32f10x_gpio.o(i.GPIO_EventOutputConfig), (32 bytes).
    Removing stm32f10x_gpio.o(i.GPIO_PinLockConfig), (18 bytes).
    Removing stm32f10x_gpio.o(i.GPIO_PinRemapConfig), (144 bytes).
    Removing stm32f10x_gpio.o(i.GPIO_ReadInputData), (8 bytes).
    Removing stm32f10x_gpio.o(i.GPIO_ReadOutputData), (8 bytes).
    Removing stm32f10x_gpio.o(i.GPIO_ReadOutputDataBit), (18 bytes).
    Removing stm32f10x_gpio.o(i.GPIO_ResetBits), (4 bytes).
    Removing stm32f10x_gpio.o(i.GPIO_StructInit), (16 bytes).
    Removing stm32f10x_gpio.o(i.GPIO_Write), (4 bytes).
    Removing stm32f10x_i2c.o(i.I2C_ARPCmd), (24 bytes).
    Removing stm32f10x_i2c.o(i.I2C_AcknowledgeConfig), (24 bytes).
    Removing stm32f10x_i2c.o(i.I2C_CalculatePEC), (24 bytes).
    Removing stm32f10x_i2c.o(i.I2C_CheckEvent), (42 bytes).
    Removing stm32f10x_i2c.o(i.I2C_ClearFlag), (12 bytes).
    Removing stm32f10x_i2c.o(i.I2C_ClearITPendingBit), (12 bytes).
    Removing stm32f10x_i2c.o(i.I2C_Cmd), (24 bytes).
    Removing stm32f10x_i2c.o(i.I2C_DMACmd), (24 bytes).
    Removing stm32f10x_i2c.o(i.I2C_DMALastTransferCmd), (24 bytes).
    Removing stm32f10x_i2c.o(i.I2C_DeInit), (56 bytes).
    Removing stm32f10x_i2c.o(i.I2C_DualAddressCmd), (24 bytes).
    Removing stm32f10x_i2c.o(i.I2C_FastModeDutyCycleConfig), (28 bytes).
    Removing stm32f10x_i2c.o(i.I2C_GeneralCallCmd), (24 bytes).
    Removing stm32f10x_i2c.o(i.I2C_GenerateSTART), (24 bytes).
    Removing stm32f10x_i2c.o(i.I2C_GenerateSTOP), (24 bytes).
    Removing stm32f10x_i2c.o(i.I2C_GetFlagStatus), (58 bytes).
    Removing stm32f10x_i2c.o(i.I2C_GetITStatus), (38 bytes).
    Removing stm32f10x_i2c.o(i.I2C_GetLastEvent), (26 bytes).
    Removing stm32f10x_i2c.o(i.I2C_GetPEC), (8 bytes).
    Removing stm32f10x_i2c.o(i.I2C_ITConfig), (18 bytes).
    Removing stm32f10x_i2c.o(i.I2C_Init), (236 bytes).
    Removing stm32f10x_i2c.o(i.I2C_NACKPositionConfig), (28 bytes).
    Removing stm32f10x_i2c.o(i.I2C_OwnAddress2Config), (22 bytes).
    Removing stm32f10x_i2c.o(i.I2C_PECPositionConfig), (28 bytes).
    Removing stm32f10x_i2c.o(i.I2C_ReadRegister), (22 bytes).
    Removing stm32f10x_i2c.o(i.I2C_ReceiveData), (8 bytes).
    Removing stm32f10x_i2c.o(i.I2C_SMBusAlertConfig), (28 bytes).
    Removing stm32f10x_i2c.o(i.I2C_Send7bitAddress), (18 bytes).
    Removing stm32f10x_i2c.o(i.I2C_SendData), (4 bytes).
    Removing stm32f10x_i2c.o(i.I2C_SoftwareResetCmd), (22 bytes).
    Removing stm32f10x_i2c.o(i.I2C_StretchClockCmd), (24 bytes).
    Removing stm32f10x_i2c.o(i.I2C_StructInit), (30 bytes).
    Removing stm32f10x_i2c.o(i.I2C_TransmitPEC), (24 bytes).
    Removing stm32f10x_iwdg.o(i.IWDG_Enable), (16 bytes).
    Removing stm32f10x_iwdg.o(i.IWDG_GetFlagStatus), (24 bytes).
    Removing stm32f10x_iwdg.o(i.IWDG_ReloadCounter), (16 bytes).
    Removing stm32f10x_iwdg.o(i.IWDG_SetPrescaler), (12 bytes).
    Removing stm32f10x_iwdg.o(i.IWDG_SetReload), (12 bytes).
    Removing stm32f10x_iwdg.o(i.IWDG_WriteAccessCmd), (12 bytes).
    Removing stm32f10x_pwr.o(i.PWR_BackupAccessCmd), (12 bytes).
    Removing stm32f10x_pwr.o(i.PWR_ClearFlag), (20 bytes).
    Removing stm32f10x_pwr.o(i.PWR_DeInit), (22 bytes).
    Removing stm32f10x_pwr.o(i.PWR_EnterSTANDBYMode), (52 bytes).
    Removing stm32f10x_pwr.o(i.PWR_EnterSTOPMode), (64 bytes).
    Removing stm32f10x_pwr.o(i.PWR_GetFlagStatus), (24 bytes).
    Removing stm32f10x_pwr.o(i.PWR_PVDCmd), (12 bytes).
    Removing stm32f10x_pwr.o(i.PWR_PVDLevelConfig), (24 bytes).
    Removing stm32f10x_pwr.o(i.PWR_WakeUpPinCmd), (12 bytes).
    Removing stm32f10x_rcc.o(i.RCC_ADCCLKConfig), (24 bytes).
    Removing stm32f10x_rcc.o(i.RCC_AHBPeriphClockCmd), (32 bytes).
    Removing stm32f10x_rcc.o(i.RCC_APB1PeriphResetCmd), (32 bytes).
    Removing stm32f10x_rcc.o(i.RCC_APB2PeriphResetCmd), (32 bytes).
    Removing stm32f10x_rcc.o(i.RCC_AdjustHSICalibrationValue), (24 bytes).
    Removing stm32f10x_rcc.o(i.RCC_BackupResetCmd), (12 bytes).
    Removing stm32f10x_rcc.o(i.RCC_ClearFlag), (20 bytes).
    Removing stm32f10x_rcc.o(i.RCC_ClearITPendingBit), (12 bytes).
    Removing stm32f10x_rcc.o(i.RCC_ClockSecuritySystemCmd), (12 bytes).
    Removing stm32f10x_rcc.o(i.RCC_DeInit), (76 bytes).
    Removing stm32f10x_rcc.o(i.RCC_GetFlagStatus), (60 bytes).
    Removing stm32f10x_rcc.o(i.RCC_GetITStatus), (24 bytes).
    Removing stm32f10x_rcc.o(i.RCC_GetSYSCLKSource), (16 bytes).
    Removing stm32f10x_rcc.o(i.RCC_HCLKConfig), (24 bytes).
    Removing stm32f10x_rcc.o(i.RCC_HSEConfig), (76 bytes).
    Removing stm32f10x_rcc.o(i.RCC_HSICmd), (12 bytes).
    Removing stm32f10x_rcc.o(i.RCC_ITConfig), (32 bytes).
    Removing stm32f10x_rcc.o(i.RCC_LSEConfig), (52 bytes).
    Removing stm32f10x_rcc.o(i.RCC_LSICmd), (12 bytes).
    Removing stm32f10x_rcc.o(i.RCC_MCOConfig), (12 bytes).
    Removing stm32f10x_rcc.o(i.RCC_PCLK1Config), (24 bytes).
    Removing stm32f10x_rcc.o(i.RCC_PCLK2Config), (24 bytes).
    Removing stm32f10x_rcc.o(i.RCC_PLLCmd), (12 bytes).
    Removing stm32f10x_rcc.o(i.RCC_PLLConfig), (28 bytes).
    Removing stm32f10x_rcc.o(i.RCC_RTCCLKCmd), (12 bytes).
    Removing stm32f10x_rcc.o(i.RCC_RTCCLKConfig), (16 bytes).
    Removing stm32f10x_rcc.o(i.RCC_SYSCLKConfig), (24 bytes).
    Removing stm32f10x_rcc.o(i.RCC_USBCLKConfig), (12 bytes).
    Removing stm32f10x_rcc.o(i.RCC_WaitForHSEStartUp), (56 bytes).
    Removing stm32f10x_rtc.o(i.RTC_ClearFlag), (16 bytes).
    Removing stm32f10x_rtc.o(i.RTC_ClearITPendingBit), (16 bytes).
    Removing stm32f10x_rtc.o(i.RTC_EnterConfigMode), (20 bytes).
    Removing stm32f10x_rtc.o(i.RTC_ExitConfigMode), (20 bytes).
    Removing stm32f10x_rtc.o(i.RTC_GetCounter), (20 bytes).
    Removing stm32f10x_rtc.o(i.RTC_GetDivider), (24 bytes).
    Removing stm32f10x_rtc.o(i.RTC_GetFlagStatus), (24 bytes).
    Removing stm32f10x_rtc.o(i.RTC_GetITStatus), (36 bytes).
    Removing stm32f10x_rtc.o(i.RTC_ITConfig), (32 bytes).
    Removing stm32f10x_rtc.o(i.RTC_SetAlarm), (28 bytes).
    Removing stm32f10x_rtc.o(i.RTC_SetCounter), (28 bytes).
    Removing stm32f10x_rtc.o(i.RTC_SetPrescaler), (32 bytes).
    Removing stm32f10x_rtc.o(i.RTC_WaitForLastTask), (20 bytes).
    Removing stm32f10x_rtc.o(i.RTC_WaitForSynchro), (36 bytes).
    Removing stm32f10x_sdio.o(i.SDIO_CEATAITCmd), (16 bytes).
    Removing stm32f10x_sdio.o(i.SDIO_ClearFlag), (12 bytes).
    Removing stm32f10x_sdio.o(i.SDIO_ClearITPendingBit), (12 bytes).
    Removing stm32f10x_sdio.o(i.SDIO_ClockCmd), (12 bytes).
    Removing stm32f10x_sdio.o(i.SDIO_CmdStructInit), (14 bytes).
    Removing stm32f10x_sdio.o(i.SDIO_CommandCompletionCmd), (12 bytes).
    Removing stm32f10x_sdio.o(i.SDIO_DMACmd), (12 bytes).
    Removing stm32f10x_sdio.o(i.SDIO_DataConfig), (48 bytes).
    Removing stm32f10x_sdio.o(i.SDIO_DataStructInit), (20 bytes).
    Removing stm32f10x_sdio.o(i.SDIO_DeInit), (36 bytes).
    Removing stm32f10x_sdio.o(i.SDIO_GetCommandResponse), (12 bytes).
    Removing stm32f10x_sdio.o(i.SDIO_GetDataCounter), (12 bytes).
    Removing stm32f10x_sdio.o(i.SDIO_GetFIFOCount), (12 bytes).
    Removing stm32f10x_sdio.o(i.SDIO_GetFlagStatus), (24 bytes).
    Removing stm32f10x_sdio.o(i.SDIO_GetITStatus), (24 bytes).
    Removing stm32f10x_sdio.o(i.SDIO_GetPowerState), (16 bytes).
    Removing stm32f10x_sdio.o(i.SDIO_GetResponse), (24 bytes).
    Removing stm32f10x_sdio.o(i.SDIO_ITConfig), (32 bytes).
    Removing stm32f10x_sdio.o(i.SDIO_Init), (48 bytes).
    Removing stm32f10x_sdio.o(i.SDIO_ReadData), (12 bytes).
    Removing stm32f10x_sdio.o(i.SDIO_SendCEATACmd), (12 bytes).
    Removing stm32f10x_sdio.o(i.SDIO_SendCommand), (44 bytes).
    Removing stm32f10x_sdio.o(i.SDIO_SendSDIOSuspendCmd), (12 bytes).
    Removing stm32f10x_sdio.o(i.SDIO_SetPowerState), (28 bytes).
    Removing stm32f10x_sdio.o(i.SDIO_SetSDIOOperation), (12 bytes).
    Removing stm32f10x_sdio.o(i.SDIO_SetSDIOReadWaitMode), (12 bytes).
    Removing stm32f10x_sdio.o(i.SDIO_StartSDIOReadWait), (12 bytes).
    Removing stm32f10x_sdio.o(i.SDIO_StopSDIOReadWait), (12 bytes).
    Removing stm32f10x_sdio.o(i.SDIO_StructInit), (16 bytes).
    Removing stm32f10x_sdio.o(i.SDIO_WriteData), (12 bytes).
    Removing stm32f10x_spi.o(i.I2S_Cmd), (24 bytes).
    Removing stm32f10x_spi.o(i.I2S_Init), (232 bytes).
    Removing stm32f10x_spi.o(i.I2S_StructInit), (20 bytes).
    Removing stm32f10x_spi.o(i.SPI_BiDirectionalLineConfig), (28 bytes).
    Removing stm32f10x_spi.o(i.SPI_CalculateCRC), (24 bytes).
    Removing stm32f10x_spi.o(i.SPI_DataSizeConfig), (18 bytes).
    Removing stm32f10x_spi.o(i.SPI_GetCRC), (16 bytes).
    Removing stm32f10x_spi.o(i.SPI_GetCRCPolynomial), (6 bytes).
    Removing stm32f10x_spi.o(i.SPI_I2S_ClearFlag), (6 bytes).
    Removing stm32f10x_spi.o(i.SPI_I2S_ClearITPendingBit), (20 bytes).
    Removing stm32f10x_spi.o(i.SPI_I2S_DMACmd), (18 bytes).
    Removing stm32f10x_spi.o(i.SPI_I2S_DeInit), (88 bytes).
    Removing stm32f10x_spi.o(i.SPI_I2S_GetITStatus), (52 bytes).
    Removing stm32f10x_spi.o(i.SPI_I2S_ITConfig), (32 bytes).
    Removing stm32f10x_spi.o(i.SPI_SSOutputCmd), (24 bytes).
    Removing stm32f10x_spi.o(i.SPI_StructInit), (24 bytes).
    Removing stm32f10x_spi.o(i.SPI_TransmitCRC), (10 bytes).
    Removing stm32f10x_tim.o(i.TI1_Config), (128 bytes).
    Removing stm32f10x_tim.o(i.TI2_Config), (152 bytes).
    Removing stm32f10x_tim.o(i.TI3_Config), (144 bytes).
    Removing stm32f10x_tim.o(i.TI4_Config), (152 bytes).
    Removing stm32f10x_tim.o(i.TIM_ARRPreloadConfig), (24 bytes).
    Removing stm32f10x_tim.o(i.TIM_BDTRConfig), (32 bytes).
    Removing stm32f10x_tim.o(i.TIM_BDTRStructInit), (18 bytes).
    Removing stm32f10x_tim.o(i.TIM_CCPreloadControl), (24 bytes).
    Removing stm32f10x_tim.o(i.TIM_CCxCmd), (30 bytes).
    Removing stm32f10x_tim.o(i.TIM_CCxNCmd), (30 bytes).
    Removing stm32f10x_tim.o(i.TIM_ClearFlag), (6 bytes).
    Removing stm32f10x_tim.o(i.TIM_ClearITPendingBit), (6 bytes).
    Removing stm32f10x_tim.o(i.TIM_ClearOC1Ref), (18 bytes).
    Removing stm32f10x_tim.o(i.TIM_ClearOC2Ref), (24 bytes).
    Removing stm32f10x_tim.o(i.TIM_ClearOC3Ref), (18 bytes).
    Removing stm32f10x_tim.o(i.TIM_ClearOC4Ref), (24 bytes).
    Removing stm32f10x_tim.o(i.TIM_Cmd), (24 bytes).
    Removing stm32f10x_tim.o(i.TIM_CounterModeConfig), (18 bytes).
    Removing stm32f10x_tim.o(i.TIM_CtrlPWMOutputs), (30 bytes).
    Removing stm32f10x_tim.o(i.TIM_DMACmd), (18 bytes).
    Removing stm32f10x_tim.o(i.TIM_DMAConfig), (10 bytes).
    Removing stm32f10x_tim.o(i.TIM_DeInit), (488 bytes).
    Removing stm32f10x_tim.o(i.TIM_ETRClockMode1Config), (54 bytes).
    Removing stm32f10x_tim.o(i.TIM_ETRClockMode2Config), (32 bytes).
    Removing stm32f10x_tim.o(i.TIM_ETRConfig), (28 bytes).
    Removing stm32f10x_tim.o(i.TIM_EncoderInterfaceConfig), (66 bytes).
    Removing stm32f10x_tim.o(i.TIM_ForcedOC1Config), (18 bytes).
    Removing stm32f10x_tim.o(i.TIM_ForcedOC2Config), (26 bytes).
    Removing stm32f10x_tim.o(i.TIM_ForcedOC3Config), (18 bytes).
    Removing stm32f10x_tim.o(i.TIM_ForcedOC4Config), (26 bytes).
    Removing stm32f10x_tim.o(i.TIM_GenerateEvent), (4 bytes).
    Removing stm32f10x_tim.o(i.TIM_GetCapture1), (6 bytes).
    Removing stm32f10x_tim.o(i.TIM_GetCapture2), (6 bytes).
    Removing stm32f10x_tim.o(i.TIM_GetCapture3), (6 bytes).
    Removing stm32f10x_tim.o(i.TIM_GetCapture4), (8 bytes).
    Removing stm32f10x_tim.o(i.TIM_GetCounter), (6 bytes).
    Removing stm32f10x_tim.o(i.TIM_GetFlagStatus), (18 bytes).
    Removing stm32f10x_tim.o(i.TIM_GetITStatus), (34 bytes).
    Removing stm32f10x_tim.o(i.TIM_GetPrescaler), (6 bytes).
    Removing stm32f10x_tim.o(i.TIM_ICInit), (172 bytes).
    Removing stm32f10x_tim.o(i.TIM_ICStructInit), (18 bytes).
    Removing stm32f10x_tim.o(i.TIM_ITConfig), (18 bytes).
    Removing stm32f10x_tim.o(i.TIM_ITRxExternalClockConfig), (24 bytes).
    Removing stm32f10x_tim.o(i.TIM_InternalClockConfig), (12 bytes).
    Removing stm32f10x_tim.o(i.TIM_OC1FastConfig), (18 bytes).
    Removing stm32f10x_tim.o(i.TIM_OC1Init), (152 bytes).
    Removing stm32f10x_tim.o(i.TIM_OC1NPolarityConfig), (18 bytes).
    Removing stm32f10x_tim.o(i.TIM_OC1PolarityConfig), (18 bytes).
    Removing stm32f10x_tim.o(i.TIM_OC1PreloadConfig), (18 bytes).
    Removing stm32f10x_tim.o(i.TIM_OC2FastConfig), (26 bytes).
    Removing stm32f10x_tim.o(i.TIM_OC2Init), (164 bytes).
    Removing stm32f10x_tim.o(i.TIM_OC2NPolarityConfig), (26 bytes).
    Removing stm32f10x_tim.o(i.TIM_OC2PolarityConfig), (26 bytes).
    Removing stm32f10x_tim.o(i.TIM_OC2PreloadConfig), (26 bytes).
    Removing stm32f10x_tim.o(i.TIM_OC3FastConfig), (18 bytes).
    Removing stm32f10x_tim.o(i.TIM_OC3Init), (160 bytes).
    Removing stm32f10x_tim.o(i.TIM_OC3NPolarityConfig), (26 bytes).
    Removing stm32f10x_tim.o(i.TIM_OC3PolarityConfig), (26 bytes).
    Removing stm32f10x_tim.o(i.TIM_OC3PreloadConfig), (18 bytes).
    Removing stm32f10x_tim.o(i.TIM_OC4FastConfig), (26 bytes).
    Removing stm32f10x_tim.o(i.TIM_OC4Init), (124 bytes).
    Removing stm32f10x_tim.o(i.TIM_OC4PolarityConfig), (26 bytes).
    Removing stm32f10x_tim.o(i.TIM_OC4PreloadConfig), (26 bytes).
    Removing stm32f10x_tim.o(i.TIM_OCStructInit), (20 bytes).
    Removing stm32f10x_tim.o(i.TIM_PWMIConfig), (124 bytes).
    Removing stm32f10x_tim.o(i.TIM_PrescalerConfig), (6 bytes).
    Removing stm32f10x_tim.o(i.TIM_SelectCCDMA), (24 bytes).
    Removing stm32f10x_tim.o(i.TIM_SelectCOM), (24 bytes).
    Removing stm32f10x_tim.o(i.TIM_SelectHallSensor), (24 bytes).
    Removing stm32f10x_tim.o(i.TIM_SelectInputTrigger), (18 bytes).
    Removing stm32f10x_tim.o(i.TIM_SelectMasterSlaveMode), (18 bytes).
    Removing stm32f10x_tim.o(i.TIM_SelectOCxM), (82 bytes).
    Removing stm32f10x_tim.o(i.TIM_SelectOnePulseMode), (18 bytes).
    Removing stm32f10x_tim.o(i.TIM_SelectOutputTrigger), (18 bytes).
    Removing stm32f10x_tim.o(i.TIM_SelectSlaveMode), (18 bytes).
    Removing stm32f10x_tim.o(i.TIM_SetAutoreload), (4 bytes).
    Removing stm32f10x_tim.o(i.TIM_SetClockDivision), (18 bytes).
    Removing stm32f10x_tim.o(i.TIM_SetCompare1), (4 bytes).
    Removing stm32f10x_tim.o(i.TIM_SetCompare2), (4 bytes).
    Removing stm32f10x_tim.o(i.TIM_SetCompare3), (4 bytes).
    Removing stm32f10x_tim.o(i.TIM_SetCompare4), (6 bytes).
    Removing stm32f10x_tim.o(i.TIM_SetCounter), (4 bytes).
    Removing stm32f10x_tim.o(i.TIM_SetIC1Prescaler), (18 bytes).
    Removing stm32f10x_tim.o(i.TIM_SetIC2Prescaler), (26 bytes).
    Removing stm32f10x_tim.o(i.TIM_SetIC3Prescaler), (18 bytes).
    Removing stm32f10x_tim.o(i.TIM_SetIC4Prescaler), (26 bytes).
    Removing stm32f10x_tim.o(i.TIM_TIxExternalClockConfig), (62 bytes).
    Removing stm32f10x_tim.o(i.TIM_TimeBaseInit), (164 bytes).
    Removing stm32f10x_tim.o(i.TIM_TimeBaseStructInit), (18 bytes).
    Removing stm32f10x_tim.o(i.TIM_UpdateDisableConfig), (24 bytes).
    Removing stm32f10x_tim.o(i.TIM_UpdateRequestConfig), (24 bytes).
    Removing stm32f10x_usart.o(i.USART_ClearFlag), (18 bytes).
    Removing stm32f10x_usart.o(i.USART_ClockInit), (34 bytes).
    Removing stm32f10x_usart.o(i.USART_ClockStructInit), (12 bytes).
    Removing stm32f10x_usart.o(i.USART_DMACmd), (18 bytes).
    Removing stm32f10x_usart.o(i.USART_DeInit), (156 bytes).
    Removing stm32f10x_usart.o(i.USART_HalfDuplexCmd), (24 bytes).
    Removing stm32f10x_usart.o(i.USART_IrDACmd), (24 bytes).
    Removing stm32f10x_usart.o(i.USART_IrDAConfig), (18 bytes).
    Removing stm32f10x_usart.o(i.USART_LINBreakDetectLengthConfig), (18 bytes).
    Removing stm32f10x_usart.o(i.USART_LINCmd), (24 bytes).
    Removing stm32f10x_usart.o(i.USART_OneBitMethodCmd), (24 bytes).
    Removing stm32f10x_usart.o(i.USART_OverSampling8Cmd), (22 bytes).
    Removing stm32f10x_usart.o(i.USART_ReceiverWakeUpCmd), (24 bytes).
    Removing stm32f10x_usart.o(i.USART_SendBreak), (10 bytes).
    Removing stm32f10x_usart.o(i.USART_SetAddress), (18 bytes).
    Removing stm32f10x_usart.o(i.USART_SetGuardTime), (16 bytes).
    Removing stm32f10x_usart.o(i.USART_SetPrescaler), (16 bytes).
    Removing stm32f10x_usart.o(i.USART_SmartCardCmd), (24 bytes).
    Removing stm32f10x_usart.o(i.USART_SmartCardNACKCmd), (24 bytes).
    Removing stm32f10x_usart.o(i.USART_StructInit), (24 bytes).
    Removing stm32f10x_usart.o(i.USART_WakeUpConfig), (18 bytes).
    Removing stm32f10x_wwdg.o(i.WWDG_ClearFlag), (12 bytes).
    Removing stm32f10x_wwdg.o(i.WWDG_DeInit), (22 bytes).
    Removing stm32f10x_wwdg.o(i.WWDG_Enable), (16 bytes).
    Removing stm32f10x_wwdg.o(i.WWDG_EnableIT), (12 bytes).
    Removing stm32f10x_wwdg.o(i.WWDG_GetFlagStatus), (12 bytes).
    Removing stm32f10x_wwdg.o(i.WWDG_SetCounter), (16 bytes).
    Removing stm32f10x_wwdg.o(i.WWDG_SetPrescaler), (24 bytes).
    Removing stm32f10x_wwdg.o(i.WWDG_SetWindowValue), (40 bytes).
    Removing tim.o(i.TIM2_Init), (106 bytes).
    Removing sys.o(i.NVIC_Configuration), (12 bytes).
    Removing generic.o(i.Delay_100ns), (48 bytes).
    Removing generic.o(i.Delay_s), (24 bytes).
    Removing generic.o(i.PIN_blink), (2 bytes).
    Removing generic.o(i.PIN_invert), (2 bytes).
    Removing generic.o(i.Pin_init), (408 bytes).
    Removing led.o(i.LED_1_Off), (20 bytes).
    Removing led.o(i.LED_1_On), (20 bytes).
    Removing oled.o(i.OLED_Clear), (42 bytes).
    Removing oled.o(i.OLED_I2C_Init), (80 bytes).
    Removing oled.o(i.OLED_I2C_SendByte), (92 bytes).
    Removing oled.o(i.OLED_I2C_Start), (52 bytes).
    Removing oled.o(i.OLED_I2C_Stop), (40 bytes).
    Removing oled.o(i.OLED_Init), (174 bytes).
    Removing oled.o(i.OLED_Pow), (20 bytes).
    Removing oled.o(i.OLED_SetCursor), (34 bytes).
    Removing oled.o(i.OLED_ShowBinNum), (62 bytes).
    Removing oled.o(i.OLED_ShowChar), (116 bytes).
    Removing oled.o(i.OLED_ShowHexNum), (84 bytes).
    Removing oled.o(i.OLED_ShowNum), (68 bytes).
    Removing oled.o(i.OLED_ShowSignedNum), (102 bytes).
    Removing oled.o(i.OLED_ShowString), (40 bytes).
    Removing oled.o(i.OLED_WriteCommand), (32 bytes).
    Removing oled.o(i.OLED_WriteData), (32 bytes).
    Removing oled.o(.constdata), (1520 bytes).
    Removing key.o(i.Key_GetNum), (176 bytes).
    Removing key.o(i.Key_Init), (84 bytes).
    Removing countsensor.o(i.CountSensor_Get), (12 bytes).
    Removing countsensor.o(i.CountSensor_Init), (124 bytes).
    Removing pwm.o(i.PWM_Init), (136 bytes).
    Removing pwm.o(i.PWM_Set), (16 bytes).
    Removing encoder.o(i.Encoder_Get), (28 bytes).
    Removing encoder.o(i.Encoder_Init), (168 bytes).
    Removing serial.o(i.Serial_GetRxData), (12 bytes).
    Removing serial.o(i.Serial_GetRxFlag), (28 bytes).
    Removing serial.o(i.Serial_Pow), (20 bytes).
    Removing serial.o(i.Serial_Printf), (36 bytes).
    Removing serial.o(i.Serial_SendArray), (26 bytes).
    Removing serial.o(i.Serial_SendNumber), (58 bytes).
    Removing serial.o(i.fputc), (16 bytes).
    Removing serial.o(.bss), (100 bytes).
    Removing serial.o(.data), (2 bytes).
    Removing iic.o(i.MyI2C_Init), (56 bytes).
    Removing iic.o(i.MyI2C_R_SDA), (28 bytes).
    Removing iic.o(i.MyI2C_ReceiveAck), (30 bytes).
    Removing iic.o(i.MyI2C_ReceiveByte), (50 bytes).
    Removing iic.o(i.MyI2C_SendAck), (24 bytes).
    Removing iic.o(i.MyI2C_SendByte), (50 bytes).
    Removing iic.o(i.MyI2C_Start), (28 bytes).
    Removing iic.o(i.MyI2C_Stop), (22 bytes).
    Removing iic.o(i.MyI2C_W_SCL), (28 bytes).
    Removing iic.o(i.MyI2C_W_SDA), (28 bytes).
    Removing mpu6050.o(i.MPU6050_GetData), (172 bytes).
    Removing mpu6050.o(i.MPU6050_GetID), (10 bytes).
    Removing mpu6050.o(i.MPU6050_Init), (56 bytes).
    Removing mpu6050.o(i.MPU6050_ReadReg), (62 bytes).
    Removing mpu6050.o(i.MPU6050_WriteReg), (46 bytes).
    Removing w25q64.o(i.W25Q64_PageProgram), (76 bytes).
    Removing w25q64.o(i.W25Q64_ReadBuffer), (54 bytes).
    Removing w25q64.o(i.W25Q64_SectorErase), (50 bytes).
    Removing w25q64.o(i.W25Q64_WaitBusy), (48 bytes).
    Removing w25q64.o(i.W25Q64_WriteBuffer), (94 bytes).
    Removing w25q64.o(i.W25Q64_WriteEnable), (18 bytes).
    Removing menu.o(i.Func_LED), (36 bytes).
    Removing menu.o(i.Func_LED_off), (40 bytes).
    Removing menu.o(i.Func_LED_on), (40 bytes).
    Removing menu.o(i.Func_Motor), (40 bytes).
    Removing menu.o(i.Menu_AddChild), (30 bytes).
    Removing menu.o(i.Menu_Create), (46 bytes).
    Removing menu.o(i.Menu_Display), (220 bytes).
    Removing menu.o(i.Menu_Init), (264 bytes).
    Removing menu.o(i.Menu_operate), (220 bytes).
    Removing menu.o(.data), (16 bytes).
    Removing dma.o(i.DMA_Transfer), (184 bytes).
    Removing dma.o(i.MYDMA_Init), (68 bytes).
    Removing dma.o(.bss), (480 bytes).
    Removing mylcd.o(i.LCD_ShowChar), (340 bytes).
    Removing mylcd.o(i.LCD_ShowChinese), (140 bytes).
    Removing mylcd.o(i.LCD_ShowChinese12x12), (320 bytes).
    Removing mylcd.o(i.LCD_ShowChinese16x16), (304 bytes).
    Removing mylcd.o(i.LCD_ShowChinese24x24), (320 bytes).
    Removing mylcd.o(i.LCD_ShowChinese32x32), (304 bytes).
    Removing mylcd.o(i.LCD_ShowFloatNum1), (164 bytes).
    Removing mylcd.o(i.LCD_ShowImage_FromFlash), (104 bytes).
    Removing mylcd.o(i.LCD_ShowIntNum), (150 bytes).
    Removing mylcd.o(i.LCD_ShowPicture), (98 bytes).
    Removing mylcd.o(i.LCD_ShowString), (66 bytes).
    Removing mylcd.o(i.ReadWrite), (44 bytes).
    Removing mylcd.o(i.ST7789_Clear), (52 bytes).
    Removing mylcd.o(i.ST7789_Clear_DMA), (112 bytes).
    Removing mylcd.o(i.ST7789_Cursor), (58 bytes).
    Removing mylcd.o(i.ST7789_DrawPoint), (32 bytes).
    Removing mylcd.o(i.ST7789_HSPI_Init), (220 bytes).
    Removing mylcd.o(i.ST7789_Init), (544 bytes).
    Removing mylcd.o(i.ST7789_WR_DATA), (36 bytes).
    Removing mylcd.o(i.ST7789_WR_DATA8), (28 bytes).
    Removing mylcd.o(i.ST7789_WR_REG), (28 bytes).
    Removing mylcd.o(i.mypow), (22 bytes).
    Removing mylcd.o(.constdata), (16694 bytes).
    Removing mylcd.o(.data), (580 bytes).
    Removing crc32.o(i.CRC16_Calc), (54 bytes).
    Removing crc32.o(i.CRC32_Calc), (22 bytes).
    Removing ota_log.o(i.OtaLog_Hex32), (18 bytes).
    Removing ota_uart.o(i.OtaUart_Init), (28 bytes).
    Removing ota_uart.o(i.OtaUart_Poll), (444 bytes).
    Removing ota_uart.o(i.OtaUart_SendResponse), (38 bytes).
    Removing ota_uart.o(i.crc16_update), (68 bytes).
    Removing ota_uart.o(i.ota_uart_read), (60 bytes).
    Removing fmul.o(.text), (100 bytes).
    Removing ffixui.o(.text), (40 bytes).
    Removing dadd.o(.text), (334 bytes).
    Removing dmul.o(.text), (228 bytes).
    Removing ddiv.o(.text), (222 bytes).
    Removing dfixul.o(.text), (48 bytes).
    Removing cdrcmple.o(.text), (48 bytes).
    Removing depilogue.o(.text), (186 bytes).

561 unused section(s) (total 47900 bytes) removed from the image.

==============================================================================

Image Symbol Table

    Local Symbols

    Symbol Name                              Value     Ov Type        Size  Object(Section)

    ../clib/microlib/division.c              0x00000000   Number         0  uldiv.o ABSOLUTE
    ../clib/microlib/division.c              0x00000000   Number         0  uidiv.o ABSOLUTE
    ../clib/microlib/init/entry.s            0x00000000   Number         0  entry8b.o ABSOLUTE
    ../clib/microlib/init/entry.s            0x00000000   Number         0  entry9a.o ABSOLUTE
    ../clib/microlib/init/entry.s            0x00000000   Number         0  entry10a.o ABSOLUTE
    ../clib/microlib/init/entry.s            0x00000000   Number         0  entry10b.o ABSOLUTE
    ../clib/microlib/init/entry.s            0x00000000   Number         0  entry11a.o ABSOLUTE
    ../clib/microlib/init/entry.s            0x00000000   Number         0  entry11b.o ABSOLUTE
    ../clib/microlib/init/entry.s            0x00000000   Number         0  entry.o ABSOLUTE
    ../clib/microlib/init/entry.s            0x00000000   Number         0  entry9b.o ABSOLUTE
    ../clib/microlib/init/entry.s            0x00000000   Number         0  entry2.o ABSOLUTE
    ../clib/microlib/init/entry.s            0x00000000   Number         0  entry5.o ABSOLUTE
    ../clib/microlib/init/entry.s            0x00000000   Number         0  entry7a.o ABSOLUTE
    ../clib/microlib/init/entry.s            0x00000000   Number         0  entry7b.o ABSOLUTE
    ../clib/microlib/init/entry.s            0x00000000   Number         0  entry8a.o ABSOLUTE
    ../clib/microlib/longlong.c              0x00000000   Number         0  llsshr.o ABSOLUTE
    ../clib/microlib/longlong.c              0x00000000   Number         0  llushr.o ABSOLUTE
    ../clib/microlib/longlong.c              0x00000000   Number         0  llshl.o ABSOLUTE
    ../clib/microlib/malloc/malloc.c         0x00000000   Number         0  mallocr.o ABSOLUTE
    ../clib/microlib/malloc/malloc.c         0x00000000   Number         0  malloc.o ABSOLUTE
    ../clib/microlib/malloc/malloc.c         0x00000000   Number         0  malloca.o ABSOLUTE
    ../clib/microlib/malloc/malloc.c         0x00000000   Number         0  mallocra.o ABSOLUTE
    ../clib/microlib/malloc/mvars.c          0x00000000   Number         0  mvars.o ABSOLUTE
    ../clib/microlib/printf/printf.c         0x00000000   Number         0  printfa.o ABSOLUTE
    ../clib/microlib/stdio/streams.c         0x00000000   Number         0  stdout.o ABSOLUTE
    ../clib/microlib/string/memcpy.c         0x00000000   Number         0  memcpya.o ABSOLUTE
    ../clib/microlib/string/memcpy.c         0x00000000   Number         0  memcpyb.o ABSOLUTE
    ../clib/microlib/string/strncpy.c        0x00000000   Number         0  strncpy.o ABSOLUTE
    ../clib/microlib/stubs.s                 0x00000000   Number         0  iusefp.o ABSOLUTE
    ../fplib/microlib/fpadd.c                0x00000000   Number         0  dadd.o ABSOLUTE
    ../fplib/microlib/fpdiv.c                0x00000000   Number         0  ddiv.o ABSOLUTE
    ../fplib/microlib/fpepilogue.c           0x00000000   Number         0  depilogue.o ABSOLUTE
    ../fplib/microlib/fpfix.c                0x00000000   Number         0  dfixul.o ABSOLUTE
    ../fplib/microlib/fpfix.c                0x00000000   Number         0  ffixui.o ABSOLUTE
    ../fplib/microlib/fpmul.c                0x00000000   Number         0  fmul.o ABSOLUTE
    ../fplib/microlib/fpmul.c                0x00000000   Number         0  dmul.o ABSOLUTE
    Hardware\CountSensor.c                   0x00000000   Number         0  countsensor.o ABSOLUTE
    Hardware\DMA.c                           0x00000000   Number         0  dma.o ABSOLUTE
    Hardware\Encoder.c                       0x00000000   Number         0  encoder.o ABSOLUTE
    Hardware\KEY.c                           0x00000000   Number         0  key.o ABSOLUTE
    Hardware\LED.c                           0x00000000   Number         0  led.o ABSOLUTE
    Hardware\MPU6050.c                       0x00000000   Number         0  mpu6050.o ABSOLUTE
    Hardware\MySPI.c                         0x00000000   Number         0  myspi.o ABSOLUTE
    Hardware\OLED.c                          0x00000000   Number         0  oled.o ABSOLUTE
    Hardware\PWM.c                           0x00000000   Number         0  pwm.o ABSOLUTE
    Hardware\Serial.c                        0x00000000   Number         0  serial.o ABSOLUTE
    Hardware\W25Q64.c                        0x00000000   Number         0  w25q64.o ABSOLUTE
    Hardware\crc32.c                         0x00000000   Number         0  crc32.o ABSOLUTE
    Hardware\iic.c                           0x00000000   Number         0  iic.o ABSOLUTE
    Hardware\menu.c                          0x00000000   Number         0  menu.o ABSOLUTE
    Hardware\mylcd.c                         0x00000000   Number         0  mylcd.o ABSOLUTE
    Hardware\ota_log.c                       0x00000000   Number         0  ota_log.o ABSOLUTE
    Hardware\ota_uart.c                      0x00000000   Number         0  ota_uart.o ABSOLUTE
    Lib\misc.c                               0x00000000   Number         0  misc.o ABSOLUTE
    Lib\stm32f10x_adc.c                      0x00000000   Number         0  stm32f10x_adc.o ABSOLUTE
    Lib\stm32f10x_bkp.c                      0x00000000   Number         0  stm32f10x_bkp.o ABSOLUTE
    Lib\stm32f10x_can.c                      0x00000000   Number         0  stm32f10x_can.o ABSOLUTE
    Lib\stm32f10x_cec.c                      0x00000000   Number         0  stm32f10x_cec.o ABSOLUTE
    Lib\stm32f10x_crc.c                      0x00000000   Number         0  stm32f10x_crc.o ABSOLUTE
    Lib\stm32f10x_dac.c                      0x00000000   Number         0  stm32f10x_dac.o ABSOLUTE
    Lib\stm32f10x_dbgmcu.c                   0x00000000   Number         0  stm32f10x_dbgmcu.o ABSOLUTE
    Lib\stm32f10x_dma.c                      0x00000000   Number         0  stm32f10x_dma.o ABSOLUTE
    Lib\stm32f10x_exti.c                     0x00000000   Number         0  stm32f10x_exti.o ABSOLUTE
    Lib\stm32f10x_flash.c                    0x00000000   Number         0  stm32f10x_flash.o ABSOLUTE
    Lib\stm32f10x_fsmc.c                     0x00000000   Number         0  stm32f10x_fsmc.o ABSOLUTE
    Lib\stm32f10x_gpio.c                     0x00000000   Number         0  stm32f10x_gpio.o ABSOLUTE
    Lib\stm32f10x_i2c.c                      0x00000000   Number         0  stm32f10x_i2c.o ABSOLUTE
    Lib\stm32f10x_iwdg.c                     0x00000000   Number         0  stm32f10x_iwdg.o ABSOLUTE
    Lib\stm32f10x_pwr.c                      0x00000000   Number         0  stm32f10x_pwr.o ABSOLUTE
    Lib\stm32f10x_rcc.c                      0x00000000   Number         0  stm32f10x_rcc.o ABSOLUTE
    Lib\stm32f10x_rtc.c                      0x00000000   Number         0  stm32f10x_rtc.o ABSOLUTE
    Lib\stm32f10x_sdio.c                     0x00000000   Number         0  stm32f10x_sdio.o ABSOLUTE
    Lib\stm32f10x_spi.c                      0x00000000   Number         0  stm32f10x_spi.o ABSOLUTE
    Lib\stm32f10x_tim.c                      0x00000000   Number         0  stm32f10x_tim.o ABSOLUTE
    Lib\stm32f10x_usart.c                    0x00000000   Number         0  stm32f10x_usart.o ABSOLUTE
    Lib\stm32f10x_wwdg.c                     0x00000000   Number         0  stm32f10x_wwdg.o ABSOLUTE
    Start\\core_cm3.c                        0x00000000   Number         0  core_cm3.o ABSOLUTE
    Start\core_cm3.c                         0x00000000   Number         0  core_cm3.o ABSOLUTE
    Start\startup_stm32f10x_md.s             0x00000000   Number         0  startup_stm32f10x_md.o ABSOLUTE
    Start\system_stm32f10x.c                 0x00000000   Number         0  system_stm32f10x.o ABSOLUTE
    System\Tim.c                             0x00000000   Number         0  tim.o ABSOLUTE
    System\generic.c                         0x00000000   Number         0  generic.o ABSOLUTE
    System\sys.c                             0x00000000   Number         0  sys.o ABSOLUTE
    User\main.c                              0x00000000   Number         0  main.o ABSOLUTE
    User\ota_boot.c                          0x00000000   Number         0  ota_boot.o ABSOLUTE
    User\ota_flash.c                         0x00000000   Number         0  ota_flash.o ABSOLUTE
    User\stm32f10x_it.c                      0x00000000   Number         0  stm32f10x_it.o ABSOLUTE
    cdrcmple.s                               0x00000000   Number         0  cdrcmple.o ABSOLUTE
    dc.s                                     0x00000000   Number         0  dc.o ABSOLUTE
    handlers.s                               0x00000000   Number         0  handlers.o ABSOLUTE
    init.s                                   0x00000000   Number         0  init.o ABSOLUTE
    RESET                                    0x08000000   Section      236  startup_stm32f10x_md.o(RESET)
    .ARM.Collect$$$$00000000                 0x080000ec   Section        0  entry.o(.ARM.Collect$$$$00000000)
    .ARM.Collect$$$$00000001                 0x080000ec   Section        4  entry2.o(.ARM.Collect$$$$00000001)
    .ARM.Collect$$$$00000004                 0x080000f0   Section        4  entry5.o(.ARM.Collect$$$$00000004)
    .ARM.Collect$$$$00000008                 0x080000f4   Section        0  entry7b.o(.ARM.Collect$$$$00000008)
    .ARM.Collect$$$$0000000A                 0x080000f4   Section        0  entry8b.o(.ARM.Collect$$$$0000000A)
    .ARM.Collect$$$$0000000B                 0x080000f4   Section        8  entry9a.o(.ARM.Collect$$$$0000000B)
    .ARM.Collect$$$$0000000D                 0x080000fc   Section        0  entry10a.o(.ARM.Collect$$$$0000000D)
    .ARM.Collect$$$$0000000F                 0x080000fc   Section        0  entry11a.o(.ARM.Collect$$$$0000000F)
    .ARM.Collect$$$$00002712                 0x080000fc   Section        4  entry2.o(.ARM.Collect$$$$00002712)
    __lit__00000000                          0x080000fc   Data           4  entry2.o(.ARM.Collect$$$$00002712)
    .emb_text                                0x08000100   Section       32  core_cm3.o(.emb_text)
    .text                                    0x08000120   Section       36  startup_stm32f10x_md.o(.text)
    .text                                    0x08000144   Section        0  memcpya.o(.text)
    .text                                    0x08000168   Section       36  init.o(.text)
    i.BusFault_Handler                       0x0800018c   Section        0  stm32f10x_it.o(i.BusFault_Handler)
    i.CRC32_Update                           0x08000190   Section        0  crc32.o(i.CRC32_Update)
    i.DebugMon_Handler                       0x080001c4   Section        0  stm32f10x_it.o(i.DebugMon_Handler)
    i.Delay_ms                               0x080001c6   Section        0  generic.o(i.Delay_ms)
    i.Delay_us                               0x080001de   Section        0  generic.o(i.Delay_us)
    i.EXTI15_10_IRQHandler                   0x0800020c   Section        0  countsensor.o(i.EXTI15_10_IRQHandler)
    i.EXTI_ClearITPendingBit                 0x08000248   Section        0  stm32f10x_exti.o(i.EXTI_ClearITPendingBit)
    i.EXTI_GetITStatus                       0x08000254   Section        0  stm32f10x_exti.o(i.EXTI_GetITStatus)
    i.FLASH_ErasePage                        0x0800027c   Section        0  stm32f10x_flash.o(i.FLASH_ErasePage)
    i.FLASH_GetBank1Status                   0x080002c8   Section        0  stm32f10x_flash.o(i.FLASH_GetBank1Status)
    i.FLASH_Lock                             0x080002fc   Section        0  stm32f10x_flash.o(i.FLASH_Lock)
    i.FLASH_ProgramHalfWord                  0x08000310   Section        0  stm32f10x_flash.o(i.FLASH_ProgramHalfWord)
    i.FLASH_Unlock                           0x08000350   Section        0  stm32f10x_flash.o(i.FLASH_Unlock)
    i.FLASH_WaitForLastOperation             0x08000368   Section        0  stm32f10x_flash.o(i.FLASH_WaitForLastOperation)
    i.GPIO_Init                              0x0800038e   Section        0  stm32f10x_gpio.o(i.GPIO_Init)
    i.GPIO_ReadInputDataBit                  0x080004a4   Section        0  stm32f10x_gpio.o(i.GPIO_ReadInputDataBit)
    i.GPIO_SetBits                           0x080004b6   Section        0  stm32f10x_gpio.o(i.GPIO_SetBits)
    i.GPIO_WriteBit                          0x080004ba   Section        0  stm32f10x_gpio.o(i.GPIO_WriteBit)
    i.HardFault_Handler                      0x080004c4   Section        0  stm32f10x_it.o(i.HardFault_Handler)
    i.LED_Init                               0x080004c8   Section        0  led.o(i.LED_Init)
    i.MemManage_Handler                      0x080004fc   Section        0  stm32f10x_it.o(i.MemManage_Handler)
    i.MySPI_Init                             0x08000500   Section        0  myspi.o(i.MySPI_Init)
    i.MySPI_Start                            0x080005bc   Section        0  myspi.o(i.MySPI_Start)
    i.MySPI_Stop                             0x080005c6   Section        0  myspi.o(i.MySPI_Stop)
    i.MySPI_SwapByte                         0x080005d0   Section        0  myspi.o(i.MySPI_SwapByte)
    i.MySPI_W_SS                             0x08000608   Section        0  myspi.o(i.MySPI_W_SS)
    i.NMI_Handler                            0x08000620   Section        0  stm32f10x_it.o(i.NMI_Handler)
    i.NVIC_Init                              0x08000624   Section        0  misc.o(i.NVIC_Init)
    i.NVIC_PriorityGroupConfig               0x08000694   Section        0  misc.o(i.NVIC_PriorityGroupConfig)
    i.OtaBoot_Run                            0x080006a8   Section        0  ota_boot.o(i.OtaBoot_Run)
    i.OtaFlash_ClearFlag                     0x08000924   Section        0  ota_flash.o(i.OtaFlash_ClearFlag)
    i.OtaFlash_EraseRange                    0x08000960   Section        0  ota_flash.o(i.OtaFlash_EraseRange)
    i.OtaFlash_ReadParam                     0x08000998   Section        0  ota_flash.o(i.OtaFlash_ReadParam)
    i.OtaFlash_WriteParam                    0x080009bc   Section        0  ota_flash.o(i.OtaFlash_WriteParam)
    i.OtaFlash_WriteRange                    0x080009f4   Section        0  ota_flash.o(i.OtaFlash_WriteRange)
    i.OtaJumpToApp                           0x08000a40   Section        0  ota_flash.o(i.OtaJumpToApp)
    i.OtaLog_CRLF                            0x08000a7c   Section        0  ota_log.o(i.OtaLog_CRLF)
    i.OtaLog_Hex16                           0x08000a8c   Section        0  ota_log.o(i.OtaLog_Hex16)
    i.OtaLog_Hex8                            0x08000aa0   Section        0  ota_log.o(i.OtaLog_Hex8)
    i.OtaLog_Num                             0x08000ac4   Section        0  ota_log.o(i.OtaLog_Num)
    i.OtaLog_Str                             0x08000b0e   Section        0  ota_log.o(i.OtaLog_Str)
    i.PendSV_Handler                         0x08000b1a   Section        0  stm32f10x_it.o(i.PendSV_Handler)
    i.RCC_APB1PeriphClockCmd                 0x08000b1c   Section        0  stm32f10x_rcc.o(i.RCC_APB1PeriphClockCmd)
    i.RCC_APB2PeriphClockCmd                 0x08000b3c   Section        0  stm32f10x_rcc.o(i.RCC_APB2PeriphClockCmd)
    i.RCC_GetClocksFreq                      0x08000b5c   Section        0  stm32f10x_rcc.o(i.RCC_GetClocksFreq)
    i.RestoreAppFromBackup                   0x08000c30   Section        0  ota_boot.o(i.RestoreAppFromBackup)
    RestoreAppFromBackup                     0x08000c31   Thumb Code    60  ota_boot.o(i.RestoreAppFromBackup)
    i.SPI_Cmd                                0x08000c74   Section        0  stm32f10x_spi.o(i.SPI_Cmd)
    i.SPI_I2S_GetFlagStatus                  0x08000c8c   Section        0  stm32f10x_spi.o(i.SPI_I2S_GetFlagStatus)
    i.SPI_I2S_ReceiveData                    0x08000c9e   Section        0  stm32f10x_spi.o(i.SPI_I2S_ReceiveData)
    i.SPI_I2S_SendData                       0x08000ca4   Section        0  stm32f10x_spi.o(i.SPI_I2S_SendData)
    i.SPI_Init                               0x08000ca8   Section        0  stm32f10x_spi.o(i.SPI_Init)
    i.SPI_NSSInternalSoftwareConfig          0x08000ce4   Section        0  stm32f10x_spi.o(i.SPI_NSSInternalSoftwareConfig)
    i.SVC_Handler                            0x08000d02   Section        0  stm32f10x_it.o(i.SVC_Handler)
    i.Serial_Init                            0x08000d04   Section        0  serial.o(i.Serial_Init)
    i.Serial_SendByte                        0x08000dbc   Section        0  serial.o(i.Serial_SendByte)
    i.Serial_SendString                      0x08000ddc   Section        0  serial.o(i.Serial_SendString)
    i.SetSysClock                            0x08000df6   Section        0  system_stm32f10x.o(i.SetSysClock)
    SetSysClock                              0x08000df7   Thumb Code     8  system_stm32f10x.o(i.SetSysClock)
    i.SetSysClockTo72                        0x08000e00   Section        0  system_stm32f10x.o(i.SetSysClockTo72)
    SetSysClockTo72                          0x08000e01   Thumb Code   214  system_stm32f10x.o(i.SetSysClockTo72)
    i.SysTick_Handler                        0x08000ee0   Section        0  stm32f10x_it.o(i.SysTick_Handler)
    i.SystemInit                             0x08000ee4   Section        0  system_stm32f10x.o(i.SystemInit)
    i.USART1_IRQHandler                      0x08000f44   Section        0  ota_uart.o(i.USART1_IRQHandler)
    i.USART_ClearITPendingBit                0x08000f98   Section        0  stm32f10x_usart.o(i.USART_ClearITPendingBit)
    i.USART_Cmd                              0x08000fb6   Section        0  stm32f10x_usart.o(i.USART_Cmd)
    i.USART_GetFlagStatus                    0x08000fce   Section        0  stm32f10x_usart.o(i.USART_GetFlagStatus)
    i.USART_GetITStatus                      0x08000fe8   Section        0  stm32f10x_usart.o(i.USART_GetITStatus)
    i.USART_ITConfig                         0x0800103c   Section        0  stm32f10x_usart.o(i.USART_ITConfig)
    i.USART_Init                             0x08001088   Section        0  stm32f10x_usart.o(i.USART_Init)
    i.USART_ReceiveData                      0x08001160   Section        0  stm32f10x_usart.o(i.USART_ReceiveData)
    i.USART_SendData                         0x0800116a   Section        0  stm32f10x_usart.o(i.USART_SendData)
    i.UsageFault_Handler                     0x08001172   Section        0  stm32f10x_it.o(i.UsageFault_Handler)
    i.VerifyAppRegion                        0x08001178   Section        0  ota_boot.o(i.VerifyAppRegion)
    VerifyAppRegion                          0x08001179   Thumb Code    82  ota_boot.o(i.VerifyAppRegion)
    i.VerifyDownload                         0x080011d4   Section        0  ota_boot.o(i.VerifyDownload)
    VerifyDownload                           0x080011d5   Thumb Code    80  ota_boot.o(i.VerifyDownload)
    i.W25Q64_Init                            0x08001228   Section        0  w25q64.o(i.W25Q64_Init)
    i.W25Q64_ReadData                        0x08001230   Section        0  w25q64.o(i.W25Q64_ReadData)
    i.W25Q64_ReadID                          0x08001274   Section        0  w25q64.o(i.W25Q64_ReadID)
    i.WriteAppFromDownload                   0x080012b4   Section        0  ota_boot.o(i.WriteAppFromDownload)
    WriteAppFromDownload                     0x080012b5   Thumb Code    58  ota_boot.o(i.WriteAppFromDownload)
    i.__scatterload_copy                     0x080012f8   Section       14  handlers.o(i.__scatterload_copy)
    i.__scatterload_null                     0x08001306   Section        2  handlers.o(i.__scatterload_null)
    i.__scatterload_zeroinit                 0x08001308   Section       14  handlers.o(i.__scatterload_zeroinit)
    i.main                                   0x08001318   Section        0  main.o(i.main)
    .constdata                               0x08001390   Section       17  ota_log.o(.constdata)
    hex                                      0x08001390   Data          17  ota_log.o(.constdata)
    .data                                    0x20000000   Section       20  stm32f10x_rcc.o(.data)
    APBAHBPrescTable                         0x20000000   Data          16  stm32f10x_rcc.o(.data)
    ADCPrescTable                            0x20000010   Data           4  stm32f10x_rcc.o(.data)
    .data                                    0x20000014   Section        2  countsensor.o(.data)
    .data                                    0x20000016   Section       16  ota_uart.o(.data)
    s_rx_head                                0x20000016   Data           2  ota_uart.o(.data)
    s_rx_tail                                0x20000018   Data           2  ota_uart.o(.data)
    s_state                                  0x2000001a   Data           1  ota_uart.o(.data)
    s_cmd                                    0x2000001b   Data           1  ota_uart.o(.data)
    s_seq                                    0x2000001c   Data           2  ota_uart.o(.data)
    s_len                                    0x2000001e   Data           2  ota_uart.o(.data)
    s_idx                                    0x20000020   Data           2  ota_uart.o(.data)
    s_crc                                    0x20000022   Data           2  ota_uart.o(.data)
    s_crc_rx                                 0x20000024   Data           2  ota_uart.o(.data)
    .bss                                     0x20000028   Section      256  ota_boot.o(.bss)
    s_buf                                    0x20000028   Data         256  ota_boot.o(.bss)
    .bss                                     0x20000128   Section     1280  ota_uart.o(.bss)
    s_rx_buf                                 0x20000128   Data        1024  ota_uart.o(.bss)
    s_payload                                0x20000528   Data         256  ota_uart.o(.bss)
    STACK                                    0x20000628   Section     1024  startup_stm32f10x_md.o(STACK)

    Global Symbols

    Symbol Name                              Value     Ov Type        Size  Object(Section)

    BuildAttributes$$THM_ISAv4$P$D$K$B$S$PE$A:L22UL41UL21$X:L11$S22US41US21$IEEE1$IW$USESV6$~STKCKD$USESV7$~SHL$OSPACE$ROPI$EBA8$MICROLIB$REQ8$PRES8$EABIv2 0x00000000   Number         0  anon$$obj.o ABSOLUTE
    __ARM_use_no_argv                        0x00000000   Number         0  main.o ABSOLUTE
    __cpp_initialize__aeabi_                  - Undefined Weak Reference
    __cxa_finalize                            - Undefined Weak Reference
    __decompress                              - Undefined Weak Reference
    _clock_init                               - Undefined Weak Reference
    _microlib_exit                            - Undefined Weak Reference
    __Vectors_Size                           0x000000ec   Number         0  startup_stm32f10x_md.o ABSOLUTE
    __Vectors                                0x08000000   Data           4  startup_stm32f10x_md.o(RESET)
    __Vectors_End                            0x080000ec   Data           0  startup_stm32f10x_md.o(RESET)
    __main                                   0x080000ed   Thumb Code     0  entry.o(.ARM.Collect$$$$00000000)
    _main_stk                                0x080000ed   Thumb Code     0  entry2.o(.ARM.Collect$$$$00000001)
    _main_scatterload                        0x080000f1   Thumb Code     0  entry5.o(.ARM.Collect$$$$00000004)
    __main_after_scatterload                 0x080000f5   Thumb Code     0  entry5.o(.ARM.Collect$$$$00000004)
    _main_clock                              0x080000f5   Thumb Code     0  entry7b.o(.ARM.Collect$$$$00000008)
    _main_cpp_init                           0x080000f5   Thumb Code     0  entry8b.o(.ARM.Collect$$$$0000000A)
    _main_init                               0x080000f5   Thumb Code     0  entry9a.o(.ARM.Collect$$$$0000000B)
    __rt_final_cpp                           0x080000fd   Thumb Code     0  entry10a.o(.ARM.Collect$$$$0000000D)
    __rt_final_exit                          0x080000fd   Thumb Code     0  entry11a.o(.ARM.Collect$$$$0000000F)
    __get_PSP                                0x08000101   Thumb Code     6  core_cm3.o(.emb_text)
    __set_PSP                                0x08000107   Thumb Code     6  core_cm3.o(.emb_text)
    __get_MSP                                0x0800010d   Thumb Code     6  core_cm3.o(.emb_text)
    __set_MSP                                0x08000113   Thumb Code     6  core_cm3.o(.emb_text)
    __REV16                                  0x08000119   Thumb Code     4  core_cm3.o(.emb_text)
    __REVSH                                  0x0800011d   Thumb Code     4  core_cm3.o(.emb_text)
    Reset_Handler                            0x08000121   Thumb Code     8  startup_stm32f10x_md.o(.text)
    ADC1_2_IRQHandler                        0x0800013b   Thumb Code     0  startup_stm32f10x_md.o(.text)
    CAN1_RX1_IRQHandler                      0x0800013b   Thumb Code     0  startup_stm32f10x_md.o(.text)
    CAN1_SCE_IRQHandler                      0x0800013b   Thumb Code     0  startup_stm32f10x_md.o(.text)
    DMA1_Channel1_IRQHandler                 0x0800013b   Thumb Code     0  startup_stm32f10x_md.o(.text)
    DMA1_Channel2_IRQHandler                 0x0800013b   Thumb Code     0  startup_stm32f10x_md.o(.text)
    DMA1_Channel3_IRQHandler                 0x0800013b   Thumb Code     0  startup_stm32f10x_md.o(.text)
    DMA1_Channel4_IRQHandler                 0x0800013b   Thumb Code     0  startup_stm32f10x_md.o(.text)
    DMA1_Channel5_IRQHandler                 0x0800013b   Thumb Code     0  startup_stm32f10x_md.o(.text)
    DMA1_Channel6_IRQHandler                 0x0800013b   Thumb Code     0  startup_stm32f10x_md.o(.text)
    DMA1_Channel7_IRQHandler                 0x0800013b   Thumb Code     0  startup_stm32f10x_md.o(.text)
    EXTI0_IRQHandler                         0x0800013b   Thumb Code     0  startup_stm32f10x_md.o(.text)
    EXTI1_IRQHandler                         0x0800013b   Thumb Code     0  startup_stm32f10x_md.o(.text)
    EXTI2_IRQHandler                         0x0800013b   Thumb Code     0  startup_stm32f10x_md.o(.text)
    EXTI3_IRQHandler                         0x0800013b   Thumb Code     0  startup_stm32f10x_md.o(.text)
    EXTI4_IRQHandler                         0x0800013b   Thumb Code     0  startup_stm32f10x_md.o(.text)
    EXTI9_5_IRQHandler                       0x0800013b   Thumb Code     0  startup_stm32f10x_md.o(.text)
    FLASH_IRQHandler                         0x0800013b   Thumb Code     0  startup_stm32f10x_md.o(.text)
    I2C1_ER_IRQHandler                       0x0800013b   Thumb Code     0  startup_stm32f10x_md.o(.text)
    I2C1_EV_IRQHandler                       0x0800013b   Thumb Code     0  startup_stm32f10x_md.o(.text)
    I2C2_ER_IRQHandler                       0x0800013b   Thumb Code     0  startup_stm32f10x_md.o(.text)
    I2C2_EV_IRQHandler                       0x0800013b   Thumb Code     0  startup_stm32f10x_md.o(.text)
    PVD_IRQHandler                           0x0800013b   Thumb Code     0  startup_stm32f10x_md.o(.text)
    RCC_IRQHandler                           0x0800013b   Thumb Code     0  startup_stm32f10x_md.o(.text)
    RTCAlarm_IRQHandler                      0x0800013b   Thumb Code     0  startup_stm32f10x_md.o(.text)
    RTC_IRQHandler                           0x0800013b   Thumb Code     0  startup_stm32f10x_md.o(.text)
    SPI1_IRQHandler                          0x0800013b   Thumb Code     0  startup_stm32f10x_md.o(.text)
    SPI2_IRQHandler                          0x0800013b   Thumb Code     0  startup_stm32f10x_md.o(.text)
    TAMPER_IRQHandler                        0x0800013b   Thumb Code     0  startup_stm32f10x_md.o(.text)
    TIM1_BRK_IRQHandler                      0x0800013b   Thumb Code     0  startup_stm32f10x_md.o(.text)
    TIM1_CC_IRQHandler                       0x0800013b   Thumb Code     0  startup_stm32f10x_md.o(.text)
    TIM1_TRG_COM_IRQHandler                  0x0800013b   Thumb Code     0  startup_stm32f10x_md.o(.text)
    TIM1_UP_IRQHandler                       0x0800013b   Thumb Code     0  startup_stm32f10x_md.o(.text)
    TIM2_IRQHandler                          0x0800013b   Thumb Code     0  startup_stm32f10x_md.o(.text)
    TIM3_IRQHandler                          0x0800013b   Thumb Code     0  startup_stm32f10x_md.o(.text)
    TIM4_IRQHandler                          0x0800013b   Thumb Code     0  startup_stm32f10x_md.o(.text)
    USART2_IRQHandler                        0x0800013b   Thumb Code     0  startup_stm32f10x_md.o(.text)
    USART3_IRQHandler                        0x0800013b   Thumb Code     0  startup_stm32f10x_md.o(.text)
    USBWakeUp_IRQHandler                     0x0800013b   Thumb Code     0  startup_stm32f10x_md.o(.text)
    USB_HP_CAN1_TX_IRQHandler                0x0800013b   Thumb Code     0  startup_stm32f10x_md.o(.text)
    USB_LP_CAN1_RX0_IRQHandler               0x0800013b   Thumb Code     0  startup_stm32f10x_md.o(.text)
    WWDG_IRQHandler                          0x0800013b   Thumb Code     0  startup_stm32f10x_md.o(.text)
    __aeabi_memcpy                           0x08000145   Thumb Code    36  memcpya.o(.text)
    __aeabi_memcpy4                          0x08000145   Thumb Code     0  memcpya.o(.text)
    __aeabi_memcpy8                          0x08000145   Thumb Code     0  memcpya.o(.text)
    __scatterload                            0x08000169   Thumb Code    28  init.o(.text)
    __scatterload_rt2                        0x08000169   Thumb Code     0  init.o(.text)
    BusFault_Handler                         0x0800018d   Thumb Code     4  stm32f10x_it.o(i.BusFault_Handler)
    CRC32_Update                             0x08000191   Thumb Code    46  crc32.o(i.CRC32_Update)
    DebugMon_Handler                         0x080001c5   Thumb Code     2  stm32f10x_it.o(i.DebugMon_Handler)
    Delay_ms                                 0x080001c7   Thumb Code    24  generic.o(i.Delay_ms)
    Delay_us                                 0x080001df   Thumb Code    46  generic.o(i.Delay_us)
    EXTI15_10_IRQHandler                     0x0800020d   Thumb Code    50  countsensor.o(i.EXTI15_10_IRQHandler)
    EXTI_ClearITPendingBit                   0x08000249   Thumb Code     6  stm32f10x_exti.o(i.EXTI_ClearITPendingBit)
    EXTI_GetITStatus                         0x08000255   Thumb Code    34  stm32f10x_exti.o(i.EXTI_GetITStatus)
    FLASH_ErasePage                          0x0800027d   Thumb Code    72  stm32f10x_flash.o(i.FLASH_ErasePage)
    FLASH_GetBank1Status                     0x080002c9   Thumb Code    48  stm32f10x_flash.o(i.FLASH_GetBank1Status)
    FLASH_Lock                               0x080002fd   Thumb Code    14  stm32f10x_flash.o(i.FLASH_Lock)
    FLASH_ProgramHalfWord                    0x08000311   Thumb Code    60  stm32f10x_flash.o(i.FLASH_ProgramHalfWord)
    FLASH_Unlock                             0x08000351   Thumb Code    12  stm32f10x_flash.o(i.FLASH_Unlock)
    FLASH_WaitForLastOperation               0x08000369   Thumb Code    38  stm32f10x_flash.o(i.FLASH_WaitForLastOperation)
    GPIO_Init                                0x0800038f   Thumb Code   278  stm32f10x_gpio.o(i.GPIO_Init)
    GPIO_ReadInputDataBit                    0x080004a5   Thumb Code    18  stm32f10x_gpio.o(i.GPIO_ReadInputDataBit)
    GPIO_SetBits                             0x080004b7   Thumb Code     4  stm32f10x_gpio.o(i.GPIO_SetBits)
    GPIO_WriteBit                            0x080004bb   Thumb Code    10  stm32f10x_gpio.o(i.GPIO_WriteBit)
    HardFault_Handler                        0x080004c5   Thumb Code     4  stm32f10x_it.o(i.HardFault_Handler)
    LED_Init                                 0x080004c9   Thumb Code    48  led.o(i.LED_Init)
    MemManage_Handler                        0x080004fd   Thumb Code     4  stm32f10x_it.o(i.MemManage_Handler)
    MySPI_Init                               0x08000501   Thumb Code   178  myspi.o(i.MySPI_Init)
    MySPI_Start                              0x080005bd   Thumb Code    10  myspi.o(i.MySPI_Start)
    MySPI_Stop                               0x080005c7   Thumb Code    10  myspi.o(i.MySPI_Stop)
    MySPI_SwapByte                           0x080005d1   Thumb Code    50  myspi.o(i.MySPI_SwapByte)
    MySPI_W_SS                               0x08000609   Thumb Code    18  myspi.o(i.MySPI_W_SS)
    NMI_Handler                              0x08000621   Thumb Code     2  stm32f10x_it.o(i.NMI_Handler)
    NVIC_Init                                0x08000625   Thumb Code   100  misc.o(i.NVIC_Init)
    NVIC_PriorityGroupConfig                 0x08000695   Thumb Code    10  misc.o(i.NVIC_PriorityGroupConfig)
    OtaBoot_Run                              0x080006a9   Thumb Code   284  ota_boot.o(i.OtaBoot_Run)
    OtaFlash_ClearFlag                       0x08000925   Thumb Code    50  ota_flash.o(i.OtaFlash_ClearFlag)
    OtaFlash_EraseRange                      0x08000961   Thumb Code    56  ota_flash.o(i.OtaFlash_EraseRange)
    OtaFlash_ReadParam                       0x08000999   Thumb Code    30  ota_flash.o(i.OtaFlash_ReadParam)
    OtaFlash_WriteParam                      0x080009bd   Thumb Code    52  ota_flash.o(i.OtaFlash_WriteParam)
    OtaFlash_WriteRange                      0x080009f5   Thumb Code    76  ota_flash.o(i.OtaFlash_WriteRange)
    OtaJumpToApp                             0x08000a41   Thumb Code    50  ota_flash.o(i.OtaJumpToApp)
    OtaLog_CRLF                              0x08000a7d   Thumb Code    16  ota_log.o(i.OtaLog_CRLF)
    OtaLog_Hex16                             0x08000a8d   Thumb Code    18  ota_log.o(i.OtaLog_Hex16)
    OtaLog_Hex8                              0x08000aa1   Thumb Code    30  ota_log.o(i.OtaLog_Hex8)
    OtaLog_Num                               0x08000ac5   Thumb Code    74  ota_log.o(i.OtaLog_Num)
    OtaLog_Str                               0x08000b0f   Thumb Code    12  ota_log.o(i.OtaLog_Str)
    PendSV_Handler                           0x08000b1b   Thumb Code     2  stm32f10x_it.o(i.PendSV_Handler)
    RCC_APB1PeriphClockCmd                   0x08000b1d   Thumb Code    26  stm32f10x_rcc.o(i.RCC_APB1PeriphClockCmd)
    RCC_APB2PeriphClockCmd                   0x08000b3d   Thumb Code    26  stm32f10x_rcc.o(i.RCC_APB2PeriphClockCmd)
    RCC_GetClocksFreq                        0x08000b5d   Thumb Code   192  stm32f10x_rcc.o(i.RCC_GetClocksFreq)
    SPI_Cmd                                  0x08000c75   Thumb Code    24  stm32f10x_spi.o(i.SPI_Cmd)
    SPI_I2S_GetFlagStatus                    0x08000c8d   Thumb Code    18  stm32f10x_spi.o(i.SPI_I2S_GetFlagStatus)
    SPI_I2S_ReceiveData                      0x08000c9f   Thumb Code     6  stm32f10x_spi.o(i.SPI_I2S_ReceiveData)
    SPI_I2S_SendData                         0x08000ca5   Thumb Code     4  stm32f10x_spi.o(i.SPI_I2S_SendData)
    SPI_Init                                 0x08000ca9   Thumb Code    60  stm32f10x_spi.o(i.SPI_Init)
    SPI_NSSInternalSoftwareConfig            0x08000ce5   Thumb Code    30  stm32f10x_spi.o(i.SPI_NSSInternalSoftwareConfig)
    SVC_Handler                              0x08000d03   Thumb Code     2  stm32f10x_it.o(i.SVC_Handler)
    Serial_Init                              0x08000d05   Thumb Code   174  serial.o(i.Serial_Init)
    Serial_SendByte                          0x08000dbd   Thumb Code    28  serial.o(i.Serial_SendByte)
    Serial_SendString                        0x08000ddd   Thumb Code    26  serial.o(i.Serial_SendString)
    SysTick_Handler                          0x08000ee1   Thumb Code     2  stm32f10x_it.o(i.SysTick_Handler)
    SystemInit                               0x08000ee5   Thumb Code    78  system_stm32f10x.o(i.SystemInit)
    USART1_IRQHandler                        0x08000f45   Thumb Code    68  ota_uart.o(i.USART1_IRQHandler)
    USART_ClearITPendingBit                  0x08000f99   Thumb Code    30  stm32f10x_usart.o(i.USART_ClearITPendingBit)
    USART_Cmd                                0x08000fb7   Thumb Code    24  stm32f10x_usart.o(i.USART_Cmd)
    USART_GetFlagStatus                      0x08000fcf   Thumb Code    26  stm32f10x_usart.o(i.USART_GetFlagStatus)
    USART_GetITStatus                        0x08000fe9   Thumb Code    84  stm32f10x_usart.o(i.USART_GetITStatus)
    USART_ITConfig                           0x0800103d   Thumb Code    74  stm32f10x_usart.o(i.USART_ITConfig)
    USART_Init                               0x08001089   Thumb Code   210  stm32f10x_usart.o(i.USART_Init)
    USART_ReceiveData                        0x08001161   Thumb Code    10  stm32f10x_usart.o(i.USART_ReceiveData)
    USART_SendData                           0x0800116b   Thumb Code     8  stm32f10x_usart.o(i.USART_SendData)
    UsageFault_Handler                       0x08001173   Thumb Code     4  stm32f10x_it.o(i.UsageFault_Handler)
    W25Q64_Init                              0x08001229   Thumb Code     8  w25q64.o(i.W25Q64_Init)
    W25Q64_ReadData                          0x08001231   Thumb Code    68  w25q64.o(i.W25Q64_ReadData)
    W25Q64_ReadID                            0x08001275   Thumb Code    62  w25q64.o(i.W25Q64_ReadID)
    __scatterload_copy                       0x080012f9   Thumb Code    14  handlers.o(i.__scatterload_copy)
    __scatterload_null                       0x08001307   Thumb Code     2  handlers.o(i.__scatterload_null)
    __scatterload_zeroinit                   0x08001309   Thumb Code    14  handlers.o(i.__scatterload_zeroinit)
    main                                     0x08001319   Thumb Code    66  main.o(i.main)
    Region$$Table$$Base                      0x080013a4   Number         0  anon$$obj.o(Region$$Table)
    Region$$Table$$Limit                     0x080013c4   Number         0  anon$$obj.o(Region$$Table)
    CountSensor_Count                        0x20000014   Data           2  countsensor.o(.data)
    __initial_sp                             0x20000a28   Data           0  startup_stm32f10x_md.o(STACK)



==============================================================================

Memory Map of the image

  Image Entry point : 0x080000ed

  Load Region LR_IROM1 (Base: 0x08000000, Size: 0x000013ec, Max: 0x00004400, ABSOLUTE)

    Execution Region ER_IROM1 (Exec base: 0x08000000, Load base: 0x08000000, Size: 0x000013c4, Max: 0x00004400, ABSOLUTE)

    Exec Addr    Load Addr    Size         Type   Attr      Idx    E Section Name        Object

    0x08000000   0x08000000   0x000000ec   Data   RO            3    RESET               startup_stm32f10x_md.o
    0x080000ec   0x080000ec   0x00000000   Code   RO         4362  * .ARM.Collect$$$$00000000  mc_w.l(entry.o)
    0x080000ec   0x080000ec   0x00000004   Code   RO         4431    .ARM.Collect$$$$00000001  mc_w.l(entry2.o)
    0x080000f0   0x080000f0   0x00000004   Code   RO         4434    .ARM.Collect$$$$00000004  mc_w.l(entry5.o)
    0x080000f4   0x080000f4   0x00000000   Code   RO         4436    .ARM.Collect$$$$00000008  mc_w.l(entry7b.o)
    0x080000f4   0x080000f4   0x00000000   Code   RO         4438    .ARM.Collect$$$$0000000A  mc_w.l(entry8b.o)
    0x080000f4   0x080000f4   0x00000008   Code   RO         4439    .ARM.Collect$$$$0000000B  mc_w.l(entry9a.o)
    0x080000fc   0x080000fc   0x00000000   Code   RO         4441    .ARM.Collect$$$$0000000D  mc_w.l(entry10a.o)
    0x080000fc   0x080000fc   0x00000000   Code   RO         4443    .ARM.Collect$$$$0000000F  mc_w.l(entry11a.o)
    0x080000fc   0x080000fc   0x00000004   Code   RO         4432    .ARM.Collect$$$$00002712  mc_w.l(entry2.o)
    0x08000100   0x08000100   0x00000020   Code   RO           10    .emb_text           core_cm3.o
    0x08000120   0x08000120   0x00000024   Code   RO            4    .text               startup_stm32f10x_md.o
    0x08000144   0x08000144   0x00000024   Code   RO         4365    .text               mc_w.l(memcpya.o)
    0x08000168   0x08000168   0x00000024   Code   RO         4463    .text               mc_w.l(init.o)
    0x0800018c   0x0800018c   0x00000004   Code   RO         3236    i.BusFault_Handler  stm32f10x_it.o
    0x08000190   0x08000190   0x00000034   Code   RO         4231    i.CRC32_Update      crc32.o
    0x080001c4   0x080001c4   0x00000002   Code   RO         3237    i.DebugMon_Handler  stm32f10x_it.o
    0x080001c6   0x080001c6   0x00000018   Code   RO         3409    i.Delay_ms          generic.o
    0x080001de   0x080001de   0x0000002e   Code   RO         3411    i.Delay_us          generic.o
    0x0800020c   0x0800020c   0x0000003c   Code   RO         3614    i.EXTI15_10_IRQHandler  countsensor.o
    0x08000248   0x08000248   0x0000000c   Code   RO          985    i.EXTI_ClearITPendingBit  stm32f10x_exti.o
    0x08000254   0x08000254   0x00000028   Code   RO          989    i.EXTI_GetITStatus  stm32f10x_exti.o
    0x0800027c   0x0800027c   0x0000004c   Code   RO         1046    i.FLASH_ErasePage   stm32f10x_flash.o
    0x080002c8   0x080002c8   0x00000034   Code   RO         1047    i.FLASH_GetBank1Status  stm32f10x_flash.o
    0x080002fc   0x080002fc   0x00000014   Code   RO         1056    i.FLASH_Lock        stm32f10x_flash.o
    0x08000310   0x08000310   0x00000040   Code   RO         1059    i.FLASH_ProgramHalfWord  stm32f10x_flash.o
    0x08000350   0x08000350   0x00000018   Code   RO         1064    i.FLASH_Unlock      stm32f10x_flash.o
    0x08000368   0x08000368   0x00000026   Code   RO         1068    i.FLASH_WaitForLastOperation  stm32f10x_flash.o
    0x0800038e   0x0800038e   0x00000116   Code   RO         1347    i.GPIO_Init         stm32f10x_gpio.o
    0x080004a4   0x080004a4   0x00000012   Code   RO         1351    i.GPIO_ReadInputDataBit  stm32f10x_gpio.o
    0x080004b6   0x080004b6   0x00000004   Code   RO         1355    i.GPIO_SetBits      stm32f10x_gpio.o
    0x080004ba   0x080004ba   0x0000000a   Code   RO         1358    i.GPIO_WriteBit     stm32f10x_gpio.o
    0x080004c4   0x080004c4   0x00000004   Code   RO         3238    i.HardFault_Handler  stm32f10x_it.o
    0x080004c8   0x080004c8   0x00000034   Code   RO         3458    i.LED_Init          led.o
    0x080004fc   0x080004fc   0x00000004   Code   RO         3239    i.MemManage_Handler  stm32f10x_it.o
    0x08000500   0x08000500   0x000000bc   Code   RO         3860    i.MySPI_Init        myspi.o
    0x080005bc   0x080005bc   0x0000000a   Code   RO         3861    i.MySPI_Start       myspi.o
    0x080005c6   0x080005c6   0x0000000a   Code   RO         3862    i.MySPI_Stop        myspi.o
    0x080005d0   0x080005d0   0x00000038   Code   RO         3863    i.MySPI_SwapByte    myspi.o
    0x08000608   0x08000608   0x00000018   Code   RO         3864    i.MySPI_W_SS        myspi.o
    0x08000620   0x08000620   0x00000002   Code   RO         3240    i.NMI_Handler       stm32f10x_it.o
    0x08000622   0x08000622   0x00000002   PAD
    0x08000624   0x08000624   0x00000070   Code   RO          137    i.NVIC_Init         misc.o
    0x08000694   0x08000694   0x00000014   Code   RO          138    i.NVIC_PriorityGroupConfig  misc.o
    0x080006a8   0x080006a8   0x0000027c   Code   RO         3341    i.OtaBoot_Run       ota_boot.o
    0x08000924   0x08000924   0x0000003c   Code   RO         3299    i.OtaFlash_ClearFlag  ota_flash.o
    0x08000960   0x08000960   0x00000038   Code   RO         3300    i.OtaFlash_EraseRange  ota_flash.o
    0x08000998   0x08000998   0x00000024   Code   RO         3301    i.OtaFlash_ReadParam  ota_flash.o
    0x080009bc   0x080009bc   0x00000038   Code   RO         3302    i.OtaFlash_WriteParam  ota_flash.o
    0x080009f4   0x080009f4   0x0000004c   Code   RO         3303    i.OtaFlash_WriteRange  ota_flash.o
    0x08000a40   0x08000a40   0x0000003c   Code   RO         3304    i.OtaJumpToApp      ota_flash.o
    0x08000a7c   0x08000a7c   0x00000010   Code   RO         4256    i.OtaLog_CRLF       ota_log.o
    0x08000a8c   0x08000a8c   0x00000012   Code   RO         4257    i.OtaLog_Hex16      ota_log.o
    0x08000a9e   0x08000a9e   0x00000002   PAD
    0x08000aa0   0x08000aa0   0x00000024   Code   RO         4259    i.OtaLog_Hex8       ota_log.o
    0x08000ac4   0x08000ac4   0x0000004a   Code   RO         4260    i.OtaLog_Num        ota_log.o
    0x08000b0e   0x08000b0e   0x0000000c   Code   RO         4261    i.OtaLog_Str        ota_log.o
    0x08000b1a   0x08000b1a   0x00000002   Code   RO         3241    i.PendSV_Handler    stm32f10x_it.o
    0x08000b1c   0x08000b1c   0x00000020   Code   RO         1775    i.RCC_APB1PeriphClockCmd  stm32f10x_rcc.o
    0x08000b3c   0x08000b3c   0x00000020   Code   RO         1777    i.RCC_APB2PeriphClockCmd  stm32f10x_rcc.o
    0x08000b5c   0x08000b5c   0x000000d4   Code   RO         1785    i.RCC_GetClocksFreq  stm32f10x_rcc.o
    0x08000c30   0x08000c30   0x00000044   Code   RO         3342    i.RestoreAppFromBackup  ota_boot.o
    0x08000c74   0x08000c74   0x00000018   Code   RO         2263    i.SPI_Cmd           stm32f10x_spi.o
    0x08000c8c   0x08000c8c   0x00000012   Code   RO         2271    i.SPI_I2S_GetFlagStatus  stm32f10x_spi.o
    0x08000c9e   0x08000c9e   0x00000006   Code   RO         2274    i.SPI_I2S_ReceiveData  stm32f10x_spi.o
    0x08000ca4   0x08000ca4   0x00000004   Code   RO         2275    i.SPI_I2S_SendData  stm32f10x_spi.o
    0x08000ca8   0x08000ca8   0x0000003c   Code   RO         2276    i.SPI_Init          stm32f10x_spi.o
    0x08000ce4   0x08000ce4   0x0000001e   Code   RO         2277    i.SPI_NSSInternalSoftwareConfig  stm32f10x_spi.o
    0x08000d02   0x08000d02   0x00000002   Code   RO         3242    i.SVC_Handler       stm32f10x_it.o
    0x08000d04   0x08000d04   0x000000b8   Code   RO         3677    i.Serial_Init       serial.o
    0x08000dbc   0x08000dbc   0x00000020   Code   RO         3681    i.Serial_SendByte   serial.o
    0x08000ddc   0x08000ddc   0x0000001a   Code   RO         3683    i.Serial_SendString  serial.o
    0x08000df6   0x08000df6   0x00000008   Code   RO           24    i.SetSysClock       system_stm32f10x.o
    0x08000dfe   0x08000dfe   0x00000002   PAD
    0x08000e00   0x08000e00   0x000000e0   Code   RO           25    i.SetSysClockTo72   system_stm32f10x.o
    0x08000ee0   0x08000ee0   0x00000002   Code   RO         3243    i.SysTick_Handler   stm32f10x_it.o
    0x08000ee2   0x08000ee2   0x00000002   PAD
    0x08000ee4   0x08000ee4   0x00000060   Code   RO           27    i.SystemInit        system_stm32f10x.o
    0x08000f44   0x08000f44   0x00000054   Code   RO         4312    i.USART1_IRQHandler  ota_uart.o
    0x08000f98   0x08000f98   0x0000001e   Code   RO         2957    i.USART_ClearITPendingBit  stm32f10x_usart.o
    0x08000fb6   0x08000fb6   0x00000018   Code   RO         2960    i.USART_Cmd         stm32f10x_usart.o
    0x08000fce   0x08000fce   0x0000001a   Code   RO         2963    i.USART_GetFlagStatus  stm32f10x_usart.o
    0x08000fe8   0x08000fe8   0x00000054   Code   RO         2964    i.USART_GetITStatus  stm32f10x_usart.o
    0x0800103c   0x0800103c   0x0000004a   Code   RO         2966    i.USART_ITConfig    stm32f10x_usart.o
    0x08001086   0x08001086   0x00000002   PAD
    0x08001088   0x08001088   0x000000d8   Code   RO         2967    i.USART_Init        stm32f10x_usart.o
    0x08001160   0x08001160   0x0000000a   Code   RO         2974    i.USART_ReceiveData  stm32f10x_usart.o
    0x0800116a   0x0800116a   0x00000008   Code   RO         2977    i.USART_SendData    stm32f10x_usart.o
    0x08001172   0x08001172   0x00000004   Code   RO         3244    i.UsageFault_Handler  stm32f10x_it.o
    0x08001176   0x08001176   0x00000002   PAD
    0x08001178   0x08001178   0x0000005c   Code   RO         3343    i.VerifyAppRegion   ota_boot.o
    0x080011d4   0x080011d4   0x00000054   Code   RO         3344    i.VerifyDownload    ota_boot.o
    0x08001228   0x08001228   0x00000008   Code   RO         3896    i.W25Q64_Init       w25q64.o
    0x08001230   0x08001230   0x00000044   Code   RO         3899    i.W25Q64_ReadData   w25q64.o
    0x08001274   0x08001274   0x0000003e   Code   RO         3900    i.W25Q64_ReadID     w25q64.o
    0x080012b2   0x080012b2   0x00000002   PAD
    0x080012b4   0x080012b4   0x00000044   Code   RO         3345    i.WriteAppFromDownload  ota_boot.o
    0x080012f8   0x080012f8   0x0000000e   Code   RO         4475    i.__scatterload_copy  mc_w.l(handlers.o)
    0x08001306   0x08001306   0x00000002   Code   RO         4476    i.__scatterload_null  mc_w.l(handlers.o)
    0x08001308   0x08001308   0x0000000e   Code   RO         4477    i.__scatterload_zeroinit  mc_w.l(handlers.o)
    0x08001316   0x08001316   0x00000002   PAD
    0x08001318   0x08001318   0x00000078   Code   RO         3196    i.main              main.o
    0x08001390   0x08001390   0x00000011   Data   RO         4262    .constdata          ota_log.o
    0x080013a1   0x080013a1   0x00000003   PAD
    0x080013a4   0x080013a4   0x00000020   Data   RO         4473    Region$$Table       anon$$obj.o


    Execution Region RW_IRAM1 (Exec base: 0x20000000, Load base: 0x080013c4, Size: 0x00000a28, Max: 0x00005000, ABSOLUTE)

    Exec Addr    Load Addr    Size         Type   Attr      Idx    E Section Name        Object

    0x20000000   0x080013c4   0x00000014   Data   RW         1805    .data               stm32f10x_rcc.o
    0x20000014   0x080013d8   0x00000002   Data   RW         3615    .data               countsensor.o
    0x20000016   0x080013da   0x00000010   Data   RW         4316    .data               ota_uart.o
    0x20000026   0x080013ea   0x00000002   PAD
    0x20000028        -       0x00000100   Zero   RW         3346    .bss                ota_boot.o
    0x20000128        -       0x00000500   Zero   RW         4315    .bss                ota_uart.o
    0x20000628        -       0x00000400   Zero   RW            1    STACK               startup_stm32f10x_md.o


==============================================================================

Image component sizes


      Code (inc. data)   RO Data    RW Data    ZI Data      Debug   Object Name

        32          0          0          0          0       5000   core_cm3.o
        60         10          0          2          0        683   countsensor.o
        52          6          0          0          0        995   crc32.o
        70          0          0          0          0        886   generic.o
        52          4          0          0          0        447   led.o
       120         54          0          0          0       1679   main.o
       132         22          0          0          0     204739   misc.o
       288         22          0          0          0       2354   myspi.o
       948        384          0          0        256       3758   ota_boot.o
       344         30          0          0          0       3771   ota_flash.o
       156          6         17          0          0       2381   ota_log.o
        84         16          0         16       1280       1904   ota_uart.o
       242         14          0          0          0       1592   serial.o
        36          8        236          0       1024        796   startup_stm32f10x_md.o
         0          0          0          0          0       1632   stm32f10x_adc.o
        52         12          0          0          0        992   stm32f10x_exti.o
       274         30          0          0          0       9294   stm32f10x_flash.o
       310          0          0          0          0      11767   stm32f10x_gpio.o
        26          0          0          0          0       3566   stm32f10x_it.o
       276         32          0         20          0      12930   stm32f10x_rcc.o
       142          0          0          0          0      10914   stm32f10x_spi.o
       472          6          0          0          0      12271   stm32f10x_usart.o
       328         28          0          0          0      31717   system_stm32f10x.o
       138          0          0          0          0       2016   w25q64.o

    ----------------------------------------------------------------------
      4648        684        288         40       2560     328084   Object Totals
         0          0         32          0          0          0   (incl. Generated)
        14          0          3          2          0          0   (incl. Padding)

    ----------------------------------------------------------------------

      Code (inc. data)   RO Data    RW Data    ZI Data      Debug   Library Member Name

         0          0          0          0          0          0   entry.o
         0          0          0          0          0          0   entry10a.o
         0          0          0          0          0          0   entry11a.o
         8          4          0          0          0          0   entry2.o
         4          0          0          0          0          0   entry5.o
         0          0          0          0          0          0   entry7b.o
         0          0          0          0          0          0   entry8b.o
         8          4          0          0          0          0   entry9a.o
        30          0          0          0          0          0   handlers.o
        36          8          0          0          0         68   init.o
        36          0          0          0          0         68   memcpya.o

    ----------------------------------------------------------------------
       124         16          0          0          0        136   Library Totals
         2          0          0          0          0          0   (incl. Padding)

    ----------------------------------------------------------------------

      Code (inc. data)   RO Data    RW Data    ZI Data      Debug   Library Name

       122         16          0          0          0        136   mc_w.l

    ----------------------------------------------------------------------
       124         16          0          0          0        136   Library Totals

    ----------------------------------------------------------------------

==============================================================================


      Code (inc. data)   RO Data    RW Data    ZI Data      Debug   

      4772        700        288         40       2560     324524   Grand Totals
      4772        700        288         40       2560     324524   ELF Image Totals
      4772        700        288         40          0          0   ROM Totals

==============================================================================

    Total RO  Size (Code + RO Data)                 5060 (   4.94kB)
    Total RW  Size (RW Data + ZI Data)              2600 (   2.54kB)
    Total ROM Size (Code + RO Data + RW Data)       5100 (   4.98kB)

==============================================================================

